23e00000 T _start
23e00020 t _undefined_instruction
23e00024 t _software_interrupt
23e00028 t _prefetch_abort
23e0002c t _data_abort
23e00030 t _not_used
23e00034 t _irq
23e00038 t _fiq
23e0003c t _pad
23e00040 T _TEXT_BASE
23e00040 T _end_vect
23e00044 T _bss_start_ofs
23e00048 T _image_copy_end_ofs
23e0004c T _bss_end_ofs
23e00050 T _end_ofs
23e00054 T IRQ_STACK_START_IN
23e00058 t reset
23e00070 t call_board_init_f
23e000f4 t nand_boot_210
23e000f8 t mmcsd_boot_210
23e000fc t board_init_in_ram
23e00100 T relocate_code
23e0010c t stack_setup
23e0012c t copy_loop
23e0015c t fixloop
23e00180 t fixabs
23e00194 t fixrel
23e0019c t fixnext
23e001b0 t _rel_dyn_start_ofs
23e001b4 t _rel_dyn_end_ofs
23e001b8 t _dynsym_start_ofs
23e001bc t clear_bss
23e001d4 t clbss_l
23e001e4 t jump_2_ram
23e0020c t _board_init_r_ofs
23e00210 t cpu_init_crit
23e00260 t undefined_instruction
23e002c0 t software_interrupt
23e00320 t prefetch_abort
23e00380 t data_abort
23e003e0 t not_used
23e00440 t irq
23e004a0 t fiq
23e00500 T invalidate_dcache_all
23e00504 T flush_dcache_all
23e00508 T invalidate_dcache_range
23e0050c T flush_dcache_range
23e00510 T arm_init_before_mmu
23e00514 T flush_cache
23e00518 T invalidate_icache_all
23e00530 T __v7_outer_cache_enable
23e00534 T __v7_outer_cache_disable
23e00538 T __v7_outer_cache_flush_all
23e00538 W v7_outer_cache_flush_all
23e0053c T __v7_outer_cache_inval_all
23e0053c W v7_outer_cache_inval_all
23e00540 T __v7_outer_cache_flush_range
23e00540 W v7_outer_cache_flush_range
23e00544 T __v7_outer_cache_inval_range
23e00544 W v7_outer_cache_inval_range
23e00548 T save_boot_params_default
23e00548 W save_boot_params
23e0054c T cleanup_before_linux
23e0056c T sdelay
23e00578 T sr32
23e0059c T wait_on_value
23e005d0 T arch_cpu_init
23e00600 T get_device_type
23e00610 T print_cpuinfo
23e00654 t s5p_get_base_timer
23e00690 T timer_init
23e006c4 T reset_timer_masked
23e006e0 T get_timer_masked
23e00724 T get_timer
23e00738 T __udelay
23e007cc T get_ticks
23e007dc T get_tbclk
23e007e4 T s5p_config_sromc
23e00834 t samsung_get_base_timer
23e00870 T pwm_enable
23e008a4 T pwm_disable
23e008d4 T pwm_config
23e00a00 T pwm_init
23e00ae0 t samsung_get_base_clock
23e00b1c T get_pll_clk
23e00c60 t s5pc100_get_pclk
23e00c98 t s5pc110_get_pclk
23e00cd8 T get_arm_clk
23e00d48 T get_pwm_clk
23e00d6c T get_uart_clk
23e00d90 T set_mmc_clk
23e00da0 T v7_outer_cache_enable
23e00db4 T v7_outer_cache_disable
23e00de0 T reset_cpu
23e00e10 t _loop_forever
23e00e1c t display_banner
23e00e3c t init_baudrate
23e00e90 T __coloured_LED_init
23e00e90 W coloured_LED_init
23e00e94 T __red_LED_on
23e00e94 W red_LED_on
23e00e98 T __red_LED_off
23e00e98 W red_LED_off
23e00e9c T __green_LED_on
23e00e9c W green_LED_on
23e00ea0 T __green_LED_off
23e00ea0 W green_LED_off
23e00ea4 T __yellow_LED_on
23e00ea4 W yellow_LED_on
23e00ea8 T __yellow_LED_off
23e00ea8 W yellow_LED_off
23e00eac T __blue_LED_on
23e00eac W blue_LED_on
23e00eb0 T __blue_LED_off
23e00eb0 W blue_LED_off
23e00eb4 T __dram_init_banksize
23e00ed0 T board_init_f_nand
23e00ed4 T board_init_r
23e00ffc T hang
23e01010 T board_init_f
23e01128 T arch_lmb_reserve
23e0114c T do_bootm_linux
23e0130c T __flush_cache
23e01310 T __flush_dcache_all
23e0131c T __enable_caches
23e0131c W enable_caches
23e01328 t cp_delay
23e01358 T __arm_init_before_mmu
23e0135c T icache_enable
23e01374 T icache_disable
23e0138c T icache_status
23e013a0 T dcache_enable
23e013a4 T dcache_disable
23e013a8 T dcache_status
23e013b0 T interrupt_init
23e013cc T enable_interrupts
23e013d0 T disable_interrupts
23e013d8 T bad_mode
23e013e8 T show_regs
23e01528 T do_undefined_instruction
23e0154c T do_software_interrupt
23e01570 T do_prefetch_abort
23e01594 T do_data_abort
23e015b8 T do_not_used
23e015dc T do_fiq
23e01600 T do_irq
23e01624 T do_reset
23e01654 T do_bdinfo
23e017a8 W do_go_exec
23e017c0 T do_go
23e01830 t __fswab32
23e0184c T do_bootd
23e01870 t do_bootm_rtems
23e018ac t do_bootm_qnxelf
23e01910 t do_bootm_vxworks
23e01974 t do_bootm_netbsd
23e01aac t image_check_magic.clone.8
23e01acc t image_info
23e01b94 T do_iminfo
23e01bf4 t image_get_size.clone.9
23e01bf8 t bootm_load_os.clone.17
23e01d54 t bootm_start.clone.16
23e020d4 T __arch_preboot_os
23e020d4 W arch_preboot_os
23e020d8 T do_bootm_subcommand
23e02324 T do_bootm
23e025bc T bootm_maybe_autostart
23e02630 T do_coninfo
23e026e8 T do_echo
23e02768 t load_elf_image_shdr
23e027f8 W do_bootelf_exec
23e0283c T valid_elf_image
23e02888 T do_bootvx
23e02b20 T do_bootelf
23e02c74 T do_exit
23e02ca4 T do_fat_fsinfo
23e02d7c T do_fat_ls
23e02e84 T do_fat_fsload
23e03008 T do_flinfo
23e03010 T do_flerase
23e03018 T do_protect
23e03068 T do_help
23e030b0 t evalstr
23e030cc t evalexp
23e0313c T binary_test
23e032f8 T do_itest
23e03390 t bin_data_init
23e033ac t bin_data_char
23e033cc t load_serial_ymodem
23e034c4 t getcxmodem
23e034e4 t load_serial
23e036fc T do_load_serial
23e037d8 T send_pad
23e03804 T ktrans
23e03824 T chk1
23e0384c T s1_sendpacket
23e03870 T send_ack
23e038d0 T send_nack
23e03930 T k_data_init
23e03950 T k_data_save
23e03974 T k_data_restore
23e03998 T k_data_char
23e039e8 T handle_send_packet
23e03bac T do_load_serial_bin
23e04008 T do_mem_crc
23e040b0 T do_mem_base
23e040f4 T do_mem_mtest
23e04298 T do_mem_loop
23e04390 T do_mem_cp
23e04468 T do_mem_cmp
23e045f8 T do_mem_mw
23e046b4 t mod_mem
23e04800 T do_mem_nm
23e04824 T do_mem_mm
23e04848 T do_mem_md
23e04920 T do_sleep
23e049a0 T do_mmcops
23e04dd0 T do_mmcinfo
23e04f60 t mtd_part_info
23e04ff4 t index_partitions
23e050b8 t memsize_format
23e0510c t current_save
23e051bc t part_sort_add
23e052e8 t part_delall
23e0532c t device_del
23e0539c t memsize_parse
23e05404 t get_mtd_info
23e05484 t part_validate_eraseblock
23e05644 t device_delall.clone.2
23e056a8 t mtd_devices_init
23e056cc t generate_mtdparts_save.clone.1
23e05994 T mtd_device_validate
23e059c4 T device_find
23e05a10 t device_parse
23e05f7c T mtd_id_parse
23e0608c T find_dev_and_part
23e06244 T mtdparts_init
23e06838 T do_mtdparts
23e06e64 T do_chpart
23e06f2c t nand_print_info
23e06f98 t set_dev
23e07008 t nand_load_image
23e071bc T do_nandboot
23e0741c t str2off
23e07458 t arg_off_size
23e0766c T do_nand
23e080b0 T do_ping
23e08134 t netboot_common
23e083ec T do_nfs
23e083f8 T do_dhcp
23e08404 T do_tftpb
23e08410 T do_bootp
23e0841c t do_env
23e0847c t do_env_delete
23e08494 t do_env_import
23e086dc t do_env_default
23e08724 T do_env_save
23e08750 t env_print
23e087e8 T do_env_print
23e0886c T get_env_id
23e0887c T _do_env_set
23e08c44 T do_env_set
23e08c60 T setenv
23e08cb0 t do_env_export
23e08ed0 T envmatch
23e08f34 T getenv_f
23e08ff0 T getenv
23e0905c T do_env_edit
23e090c4 t __fswab32
23e090e0 T source
23e09204 T do_source
23e09248 T do_false
23e09250 T do_true
23e09258 T do_test
23e096c8 T do_version
23e09700 T do_imgextract
23e099d8 T find_cmd_tbl
23e09a74 T find_cmd
23e09a9c T cmd_usage
23e09af8 T _do_help
23e09c80 T cmd_get_data_size
23e09cd0 t console_setfile
23e09d74 T serial_printf
23e09db8 T fgetc
23e09de4 T ftstc
23e09e10 T fputc
23e09e38 T fputs
23e09e60 T fprintf
23e09eac T getc
23e09ec4 T tstc
23e09edc T putc
23e09ef8 T puts
23e09f14 T printf
23e09f58 T vprintf
23e09f90 T ctrlc
23e09fdc T disable_ctrlc
23e09ff4 T had_ctrlc
23e0a004 T clear_ctrlc
23e0a018 T dbg
23e0a024 T search_device
23e0a04c T console_assign
23e0a08c T console_init_f
23e0a09c T stdio_print_current_devices
23e0a154 T console_init_r
23e0a23c T sbrk
23e0a298 T mem_malloc_init
23e0a2b8 T malloc_trim
23e0a388 T free
23e0a5ac T cfree
23e0a5b0 T malloc
23e0ab68 T calloc
23e0ac48 T memalign
23e0ad58 T pvalloc
23e0ad70 T valloc
23e0ad7c T realloc
23e0b1cc T malloc_usable_size
23e0b20c T mallopt
23e0b280 T env_get_addr
23e0b2a4 T env_get_char_memory
23e0b2b4 T env_get_char
23e0b2e8 T set_default_env
23e0b388 T env_import
23e0b458 T env_relocate
23e0b488 T env_get_char_spec
23e0b494 T env_init
23e0b4b0 T writeenv
23e0b568 T saveenv
23e0b6b0 T readenv
23e0b764 T env_relocate_spec
23e0b7a8 t dummy
23e0b7ac T get_version
23e0b7b4 T jumptable_init
23e0b944 t static_get
23e0b960 t static_peek
23e0b96c t file_peek
23e0b978 t is_assignment
23e0b9cc t syntax_err
23e0b9d8 T do_showvar
23e0bac8 t xmalloc
23e0bae8 t file_get
23e0bc90 t free_pipe_list
23e0bd6c t xrealloc
23e0bd8c t done_command
23e0be14 t b_addchr
23e0be8c t b_addqchr
23e0bed8 T simple_itoa
23e0bf30 T get_local_var
23e0bfc0 t insert_var_value
23e0c0fc T set_local_var
23e0c2b4 T unset_local_var
23e0c354 T new_pipe
23e0c37c t done_pipe
23e0c3c4 T reserved_word
23e0c574 t done_word
23e0c6ec T mapset
23e0c710 T update_ifs_map
23e0c780 T parse_string_outer
23e0c870 t run_list_real
23e0d058 t parse_stream_outer
23e0d678 T parse_file_outer
23e0d6bc T u_boot_hush_start
23e0d710 t __fswab32
23e0d72c t image_check_magic.clone.8
23e0d74c t image_get_data_size.clone.10
23e0d750 T image_check_hcrc
23e0d7a0 T image_check_dcrc
23e0d7e0 T image_multi_count
23e0d800 T image_multi_getimg
23e0d884 T getenv_yesno
23e0d8ac T getenv_bootm_low
23e0d8dc T getenv_bootm_size
23e0d938 T getenv_bootm_mapsize
23e0d968 T memmove_wd
23e0d974 T genimg_print_size
23e0d9a4 T get_table_entry_name
23e0d9d0 T genimg_get_os_name
23e0d9e8 T genimg_get_arch_name
23e0da00 T genimg_get_type_name
23e0da18 T genimg_get_comp_name
23e0da30 T image_print_contents
23e0dba8 T get_table_entry_id
23e0dbf4 T genimg_get_os_id
23e0dc0c T genimg_get_arch_id
23e0dc24 T genimg_get_type_id
23e0dc3c T genimg_get_comp_id
23e0dc54 T genimg_get_format
23e0dc6c T genimg_get_image
23e0dc70 T genimg_has_config
23e0dc78 T boot_get_ramdisk
23e0dea8 T boot_ramdisk_high
23e0dfd4 t delete_char
23e0e0ac t cread_add_char
23e0e198 T __show_boot_progress
23e0e198 W show_boot_progress
23e0e19c T main_loop
23e0e2bc T readline_into_buffer
23e0eb14 T readline
23e0eb30 T parse_line
23e0ebc0 T run_command
23e0ef54 T do_run
23e0efc8 T get_ram_size
23e0f0c0 t hex1_bin
23e0f0f8 t hex2_bin
23e0f12c T srec_decode
23e0f3a4 T serial_register
23e0f3bc T serial_stdio_init
23e0f44c T serial_assign
23e0f498 T serial_initialize
23e0f4e8 T serial_reinit_all
23e0f514 T serial_init
23e0f554 T serial_setbrg
23e0f58c T serial_getc
23e0f5cc T serial_tstc
23e0f60c T serial_putc
23e0f64c T serial_puts
23e0f68c T stdio_get_list
23e0f698 T stdio_get_by_name
23e0f6ec T stdio_clone
23e0f734 T stdio_register
23e0f778 T stdio_init
23e0f808 T CYGACC_COMM_IF_GETC_TIMEOUT
23e0f85c t xyzModem_flush
23e0f888 t xyzModem_get_hdr
23e0fb00 T CYGACC_COMM_IF_PUTC
23e0fb08 T parse_num
23e0fc24 T xyzModem_stream_open
23e0fd6c T xyzModem_stream_read
23e0ffbc T xyzModem_stream_close
23e1000c T xyzModem_stream_terminate
23e100a0 T xyzModem_error
23e100c0 T get_dev
23e10120 T dev_print
23e10338 T init_part
23e10354 T get_partition_info
23e1037c T print_part
23e10464 t le32_to_int
23e10488 t is_extended
23e104ac t get_partition_info_extended
23e106f4 t print_partition_extended
23e108f0 T test_part_dos
23e10958 T print_part_dos
23e10984 T get_partition_info_dos
23e109a4 T s5p_gpio_cfg_pin
23e109c0 T s5p_gpio_direction_output
23e109f8 T s5p_gpio_direction_input
23e10a00 T s5p_gpio_set_value
23e10a20 T s5p_gpio_get_value
23e10a38 T s5p_gpio_set_pull
23e10a5c T s5p_gpio_set_drv
23e10a80 T s5p_gpio_set_rate
23e10aa8 T s5p_gpio_get_bank
23e10ac8 T s5p_gpio_get_pin
23e10ae0 T gpio_request
23e10ae8 T gpio_direction_input
23e10b2c T gpio_direction_output
23e10b74 T gpio_get_value
23e10bbc T gpio_set_value
23e10bf8 t __fswab32
23e10c14 T __board_mmc_getcd
23e10c14 W board_mmc_getcd
23e10c1c T mmc_send_cmd
23e10c2c T mmc_send_status
23e10cf4 T mmc_set_blocklen
23e10d2c T find_mmc_device
23e10d74 t mmc_berase
23e10f08 t mmc_bwrite
23e1109c T mmc_read_blocks
23e1117c t mmc_bread
23e11220 T mmc_go_idle
23e11274 T sd_send_op_cond
23e113d8 T mmc_send_op_cond
23e11544 T mmc_send_ext_csd
23e11598 T mmc_switch
23e115f0 T mmc_change_freq
23e116a4 T mmc_switch_part
23e116e0 T sd_switch
23e11750 T sd_change_freq
23e11930 T mmc_set_ios
23e11940 T mmc_set_clock
23e1196c T mmc_set_bus_width
23e11980 T mmc_startup
23e11fbc T mmc_send_if_cond
23e1203c T mmc_register
23e120c0 T mmc_get_dev
23e120d4 T mmc_init
23e1218c W cpu_mmc_init
23e1218c t __def_mmc_init
23e12194 T print_mmc_devices
23e121f8 T get_mmc_num
23e12208 T mmc_initialize
23e12254 t mmc_core_init
23e1231c t mmc_send_cmd
23e12630 t mmc_set_ios
23e1277c T s5p_mmc_init
23e128a8 T add_mtd_device
23e12918 T del_mtd_device
23e12968 T get_mtd_device
23e129e4 T get_mtd_device_nm
23e12a58 T put_mtd_device
23e12a84 T nand_init
23e12b40 t generic_ffs
23e12b90 t nand_release_device
23e12ba8 t nand_read_byte
23e12bbc t nand_read_byte16
23e12bd0 t nand_read_word
23e12be0 t nand_write_buf
23e12c0c t nand_read_buf
23e12c38 t nand_verify_buf
23e12c7c t nand_write_buf16
23e12cac t nand_read_buf16
23e12cd8 t nand_verify_buf16
23e12d1c t nand_block_bad
23e12e10 t nand_check_wp
23e12e4c t nand_read_page_raw
23e12e84 t nand_read_page_raw_syndrome
23e12f58 t nand_read_page_swecc
23e13068 t nand_read_subpage
23e132e8 t nand_read_page_hwecc
23e1341c t nand_read_page_hwecc_oob_first
23e1354c t nand_read_page_syndrome
23e13674 t nand_read_oob_std
23e136bc t nand_read_oob_syndrome
23e137c0 t nand_write_oob_std
23e13830 t nand_write_oob_syndrome
23e139e4 t nand_write_page_raw
23e13a18 t nand_write_page_raw_syndrome
23e13ae8 t nand_write_page_swecc
23e13b94 t nand_write_page_hwecc
23e13c54 t nand_write_page_syndrome
23e13d48 t single_erase_cmd
23e13d84 t multi_erase_cmd
23e13e10 t nand_sync
23e13e20 t nand_select_chip
23e13e78 t nand_block_checkbad
23e13ef8 t nand_block_isbad
23e13f38 t nand_block_markbad
23e13f74 t nand_write_page
23e1401c t nand_fill_oob
23e14124 t nand_do_write_oob
23e142dc t nand_do_write_ops
23e145c8 t nand_write_oob
23e14670 t nand_transfer_oob
23e14778 t nand_write
23e14964 t nand_default_block_markbad
23e14a54 t nand_wait
23e14b28 T nand_wait_ready
23e14b74 t nand_do_read_ops
23e14f80 t nand_read_oob
23e15240 t nand_read
23e152d0 t nand_command
23e154b0 t nand_command_lp
23e15718 T nand_erase_nand
23e15b0c t nand_erase
23e15b14 T nand_scan_ident
23e16108 T nand_scan_tail
23e16694 T nand_scan
23e166b8 T nand_release
23e166e0 t check_pattern
23e16794 t scan_read_raw
23e167dc t create_bbt
23e16aac t search_bbt
23e16cc4 t read_bbt
23e16f00 t read_abs_bbt
23e16ff8 t write_bbt
23e17670 T nand_update_bbt
23e177ac t mark_bbt_region
23e1792c T nand_scan_bbt
23e17ddc T nand_default_bbt
23e17e9c T nand_isbad_bbt
23e17ef0 T nand_calculate_ecc
23e17fe0 T nand_correct_data
23e18100 t nand_block_bad_scrub
23e18108 t check_skip_len
23e18198 T nand_erase_opts
23e1850c T nand_write_skip_bad
23e18798 T nand_read_skip_bad
23e189b4 t s3c_nand_hwcontrol
23e18a2c t s3c_nand_device_ready
23e18a48 t s3c_nand_calculate_ecc
23e18ae8 t s3c_nand_wait_ecc_busy_8bit
23e18b00 T s3c_nand_enable_hwecc_8bit
23e18c5c T s3c_nand_read_oob_8bit
23e18ca4 T s3c_nand_write_oob_8bit
23e18d0c t s3c_nand_read_page_4bit
23e18e20 t s3c_nand_write_page_4bit
23e18ee0 t s3c_nand_correct_data
23e190a0 t s3c_nand_enable_hwecc
23e19120 T s3c_nand_correct_data_8bit
23e19258 T s3c_nand_calculate_ecc_8bit
23e19374 T s3c_nand_read_page_8bit
23e19468 T s3c_nand_write_page_8bit
23e19530 t s3c_nand_scan_bbt
23e19534 T board_nand_init
23e19840 t dm9000_outblk_8bit
23e19868 t dm9000_outblk_16bit
23e1989c t dm9000_outblk_32bit
23e198d4 t dm9000_inblk_8bit
23e19900 t dm9000_inblk_16bit
23e19934 t dm9000_inblk_32bit
23e1996c t dm9000_rx_status_32bit
23e19994 t dm9000_rx_status_16bit
23e199bc t dm9000_rx_status_8bit
23e19a04 t dm9000_reset
23e19ad8 t dm9000_rx
23e19c44 t dm9000_halt
23e19cd4 t dm9000_phy_read
23e19d44 t dm9000_init
23e1a0a8 t dm9000_send
23e1a194 T dm9000_initialize
23e1a218 t samsung_get_base_uart
23e1a254 T serial_setbrg_dev
23e1a29c T s5p_serial3_setbrg
23e1a2a4 T s5p_serial2_setbrg
23e1a2ac T s5p_serial1_setbrg
23e1a2b4 T s5p_serial0_setbrg
23e1a2bc T serial_init_dev
23e1a2fc T s5p_serial3_init
23e1a304 T s5p_serial2_init
23e1a30c T s5p_serial1_init
23e1a314 T s5p_serial0_init
23e1a31c T serial_getc_dev
23e1a360 T s5p_serial3_getc
23e1a368 T s5p_serial2_getc
23e1a370 T s5p_serial1_getc
23e1a378 T s5p_serial0_getc
23e1a380 T serial_putc_dev
23e1a3d0 T s5p_serial3_putc
23e1a3d8 T s5p_serial2_putc
23e1a3e0 T s5p_serial1_putc
23e1a3e8 T s5p_serial0_putc
23e1a3f0 T serial_tstc_dev
23e1a40c T s5p_serial3_tstc
23e1a414 T s5p_serial2_tstc
23e1a41c T s5p_serial1_tstc
23e1a424 T s5p_serial0_tstc
23e1a42c T serial_puts_dev
23e1a454 T s5p_serial3_puts
23e1a45c T s5p_serial2_puts
23e1a464 T s5p_serial1_puts
23e1a46c T s5p_serial0_puts
23e1a474 W default_serial_console
23e1a480 t downcase
23e1a4a4 t disk_read
23e1a4f8 t dirdelim
23e1a52c t get_fatent
23e1a68c t slot2str
23e1a75c t mkcksum
23e1a78c t get_cluster
23e1a82c t get_vfatname
23e1a9f4 t get_name
23e1aaac t read_bootsectandvi
23e1ab9c T fat_register_device
23e1acb0 T do_fat_read
23e1b724 T file_fat_detectfs
23e1b884 T file_fat_ls
23e1b894 T file_fat_read
23e1b8cc T file_getfsname
23e1b8e4 T file_cd
23e1bad8 T file_detectfs
23e1bb18 T file_ls
23e1bba0 T file_read
23e1bc38 T crc7
23e1bc60 T cyg_crc16
23e1bca8 T crc32_no_comp
23e1bd90 T crc32
23e1bda4 T crc32_wd
23e1bda8 T display_options
23e1bdc8 T print_size
23e1bef8 T print_buffer
23e1c064 T zfree
23e1c06c T zalloc
23e1c07c T zunzip
23e1c184 T gunzip
23e1c230 t cmpkey
23e1c244 T hcreate_r
23e1c2f0 T hdestroy_r
23e1c364 T hstrstr_r
23e1c410 T hmatch_r
23e1c4b0 T hsearch_r
23e1c794 T hdelete_r
23e1c81c T hexport_r
23e1ca34 T himport_r
23e1cc78 t lmb_add_region
23e1ce30 T lmb_dump_all
23e1ce34 T lmb_init
23e1ce5c T lmb_add
23e1ce60 T lmb_free
23e1cf88 T lmb_reserve
23e1cf90 T lmb_overlaps_region
23e1cfe4 T __lmb_alloc_base
23e1d114 T lmb_alloc_base
23e1d148 T lmb_alloc
23e1d150 T lmb_is_reserved
23e1d1b0 T __board_lmb_reserve
23e1d1b0 W board_lmb_reserve
23e1d1b4 T __arch_lmb_reserve
23e1d1b8 T ldiv
23e1d208 T string_to_ip
23e1d284 T qsort
23e1d370 T strcmp_compar
23e1d37c T strmhz
23e1d3e8 T __div64_32
23e1d4dc T strcpy
23e1d4f8 T strncpy
23e1d520 T strcat
23e1d550 T strncat
23e1d5a0 T strcmp
23e1d5d0 T strncmp
23e1d618 T strchr
23e1d64c T strlen
23e1d668 T strrchr
23e1d6a4 T strnlen
23e1d6cc T strdup
23e1d700 T strspn
23e1d740 T strpbrk
23e1d77c T strtok
23e1d7f8 T strsep
23e1d82c T strswab
23e1d878 T memset
23e1d8e0 T bcopy
23e1d908 T memcpy
23e1d97c T memmove
23e1d9d4 T memcmp
23e1da0c T memscan
23e1da34 T strstr
23e1da94 T memchr
23e1dac8 T udelay
23e1daf8 t pack_hex_byte
23e1db20 t put_dec_trunc
23e1dc00 t string
23e1dc90 t put_dec
23e1ddc4 t number
23e1dfdc T simple_strtoul
23e1e088 T strict_strtoul
23e1e100 T simple_strtol
23e1e128 T ustrtoul
23e1e19c T simple_strtoull
23e1e27c T vsprintf
23e1e8a0 T sprintf
23e1e8c4 T panic
23e1e908 T zcfree
23e1e910 T zcalloc
23e1e918 T inflate_fast
23e1ee6c T inflate_table
23e1f3e0 T inflateReset
23e1f460 T inflateInit2_
23e1f568 T inflateInit_
23e1f57c T inflateEnd
23e1f5e8 T adler32
23e1f8e4 T inflate
23e20f84 t __fswab32
23e20fa0 t NetCopyLong
23e20fa8 t NetCopyIP
23e20fb0 t NetReadLong
23e20fcc t DhcpOptionsProcess
23e211e4 t DhcpExtended
23e21330 t NetWriteIP.clone.0
23e2134c t DhcpHandler
23e216bc T BootpRequest
23e2186c t BootpTimeout
23e218b4 T DhcpRequest
23e218b8 t is_valid_ether_addr
23e21900 W cpu_eth_init
23e21900 t __def_eth_init
23e21908 t eth_current_changed
23e21964 T eth_parse_enetaddr
23e219c0 T eth_getenv_enetaddr
23e219e0 T eth_setenv_enetaddr
23e21a18 T eth_getenv_enetaddr_by_index
23e21a6c T eth_get_dev
23e21a7c T eth_get_dev_by_name
23e21ad0 T eth_get_dev_by_index
23e21b1c T eth_get_dev_index
23e21b6c T eth_write_hwaddr
23e21c98 T eth_register
23e21d20 T eth_initialize
23e21eb4 T eth_halt
23e21ee4 T eth_send
23e21f1c T eth_rx
23e21f48 T eth_try_another
23e21fc4 T eth_init
23e22094 T eth_set_current
23e22128 T eth_get_name
23e22148 t startAgainTimeout
23e2215c t startAgainHandler
23e22160 t PingHandler
23e2217c t NetCopyIP
23e22184 t NetReadIP
23e221a0 t PingTimeout
23e221bc t getenv_IPaddr
23e221cc T NetSetHandler
23e221dc T NetSetTimeout
23e2220c T NetStartAgain
23e22318 T NetSendPacket
23e2231c T NetCksum
23e22354 T NetCksumOk
23e22378 T NetEthHdrSize
23e223b8 T NetSetEther
23e2245c T NetReceive
23e22968 T ArpRequest
23e22a68 T ArpTimeoutCheck
23e22adc T PingSend
23e22c24 T NetSetIP
23e22d1c T NetSendUDPPacket
23e22e5c T copy_filename
23e22ea0 T random_port
23e22ebc T ip_to_string
23e22f0c T VLAN_to_string
23e22f5c T string_to_VLAN
23e22fb4 T getenv_VLAN
23e22fc4 T NetLoop
23e233bc t __fswab32
23e233d8 t basename
23e23418 t rpc_add_credentials
23e234ec t rpc_lookup_reply
23e2358c t rpc_req
23e23688 t rpc_lookup_req
23e236e8 t nfs_mount_req
23e2377c t nfs_umountall_req
23e237d4 t nfs_lookup_req
23e2387c t nfs_read_req
23e238fc t nfs_readlink_req
23e23954 t NfsSend
23e239e8 t NfsTimeout
23e23a40 t NfsHandler
23e23f3c T NfsStart
23e2416c t TftpSend
23e24314 t TftpTimeout
23e24384 t TftpHandler
23e2468c T TftpStart
23e2496c T board_init
23e24a18 T dram_init
23e24a38 T dram_init_banksize
23e24a5c T board_late_init
23e24a64 T board_eth_init
23e24a68 T checkboard
23e24a80 T board_mmc_init
23e24bcc t _TEXT_BASE
23e24bd0 T lowlevel_init
23e24cd4 t wakeup_reset_from_didle
23e24cd8 t lockloop
23e24cec t wakeup_reset_pre
23e24d08 t wakeup_reset
23e24d14 t exit_wakeup
23e24d28 t system_clock_init
23e24db8 t uart_asm_init
23e24e08 t nand_asm_init
23e24ea0 t tzpc_init
23e24ef4 t onenandcon_init
23e24f28 t wait_orwb
23e25000 T mem_ctrl_asm_init
23e250bc t find_lock_val
23e25228 t find_lock_val1
23e25378 T cleanDCache
23e25384 T cleanFlushDCache
23e25390 T cleanFlushCache
23e25420 T v7_flush_dcache_all
23e25438 t Loop1
23e25478 t Loop2
23e2547c t Loop3
23e25498 t Skip
23e254a4 t Finished
23e254c0 T disable_l2cache
23e254e0 T enable_l2cache
23e25500 T set_l2cache_auxctrl
23e25520 T set_l2cache_auxctrl_cycle
23e25540 t CoInvalidateDCacheIndex
23e25560 T raise
23e255b8 T __aeabi_unwind_cpp_pr0
23e255bc T __udivsi3
23e255bc t .udivsi3_skip_div0_test
23e255bc t __aeabi_uidiv
23e257a8 t __aeabi_uidivmod
23e257c8 T __divsi3
23e257c8 t __aeabi_idiv
23e257d0 t .divsi3_skip_div0_test
23e259e8 t __aeabi_idivmod
23e25a08 T __lshrdi3
23e25a08 t __aeabi_llsr
23e25a24 T __ashrdi3
23e25a24 t __aeabi_lasr
23e25a40 T __ashldi3
23e25a40 t __aeabi_llsl
23e25a5c W __aeabi_ldiv0
23e25a5c t __aeabi_idiv0
23e25a6c r C.0.3790
23e25aec r boot_os
23e25b38 r op_table
23e25ba0 r __func__.3000
23e25bb0 r __func__.2966
23e25bc0 V version_string
23e25c10 r CSWTCH.15
23e25c68 R default_environment
23e25d8c r __func__.2789
23e25d9c r __func__.2796
23e25da8 r __func__.3436
23e25db0 r uimage_os
23e25e1c r uimage_arch
23e25f00 r uimage_type
23e25fcc r uimage_comp
23e26014 r erase_seq
23e26018 r tab_seq
23e26024 r CSWTCH.13
23e26044 r block_drvr
23e26054 r multipliers
23e26094 r fbase
23e260a4 r __func__.3105
23e260b0 r __func__.3001
23e260c0 r __func__.3073
23e260d4 r default_nand_name
23e260dc r __FUNCTION__.3317
23e260f0 r __FUNCTION__.3895
23e26100 r __FUNCTION__.3658
23e26114 r __func__.4039
23e26128 r __FUNCTION__.4072
23e26138 r nand_ecc_precalc_table
23e26238 R nand_flash_ids
23e266a0 R nand_manuf_ids
23e266f0 r udivslot
23e26730 r filesystems
23e26748 R crc7_syndrome_table
23e26848 r crc16_tab
23e26a48 r crc_table
23e26e48 r names.2657
23e26e50 R _ctype
23e26f50 R hex_asc
23e26f64 r digits.2746
23e26f74 r lext.2985
23e26fb4 r lbase.2984
23e26ff4 r dext.2987
23e27034 r dbase.2986
23e27074 r lenfix
23e27874 r distfix
23e278f4 r order.3080
23e2791c R z_errmsg
23e2ed08 D s5p_cpu_id
23e2ed0c D s5p_cpu_rev
23e2ed10 D init_sequence
23e2ed3c d cmd_bootm_sub
23e2ede4 d do_echo
23e2ede8 d dp_last_length
23e2edec d curr_device
23e2edf0 d cmd_env_sub
23e2eec8 d env_id
23e2eecc D load_addr
23e2eed0 d av_
23e2f2d8 d sbrk_base
23e2f2dc d trim_threshold
23e2f2e0 d mmap_threshold
23e2f2e4 D env_name_spec
23e2f2e8 d reserved_list
23e2f36c d hist_cur
23e2f370 D stdio_names
23e2f37c d cur_dev_num
23e2f380 D nand_curr_device
23e2f384 d nand_oob_8
23e2f5cc d nand_oob_16
23e2f814 d nand_oob_64
23e2fa5c d nand_oob_128
23e2fca4 d largepage_flashbased
23e2fcc8 d smallpage_flashbased
23e2fcec d largepage_memorybased
23e2fd10 d smallpage_memorybased
23e2fd34 d bbt_main_descr
23e2fd58 d bbt_mirror_descr
23e2fd7c d agand_flashbased
23e2fda0 d bbt_pattern
23e2fda4 d mirror_pattern
23e2fda8 d scan_agand_pattern
23e2fdb0 d scan_ff_pattern
23e2fdb4 d s3c_nand_oob_128
23e2fffc d s3c_nand_oob_64_8bit
23e30244 d s3c_nand_oob_16
23e3048c d s3c_nand_oob_mlc_64
23e306d4 D s5p_serial0_device
23e30704 D s5p_serial1_device
23e30734 D s5p_serial2_device
23e30764 D s5p_serial3_device
23e30794 d cur_part
23e30798 D file_cwd
23e30998 d current_filesystem
23e3099c D NetOurVLAN
23e3099e D NetOurNativeVLAN
23e309a0 D NetBcastAddr
23e309a8 d nfs_offset
23e309ac d TftpTimeoutMSecs
23e309b0 d TftpBlkSizeOption
23e309b4 d TftpTimeoutCountMax
23e309b8 d TftpBlkSize
23e309bc D TftpRRQTimeoutCountMax
23e309c0 D TftpRRQTimeoutMSecs
23e309d0 A __u_boot_cmd_start
23e309d0 D __u_boot_cmd_bdinfo
23e309e8 D __u_boot_cmd_go
23e30a00 D __u_boot_cmd_reset
23e30a18 D __u_boot_cmd_bootm
23e30a30 D __u_boot_cmd_boot
23e30a48 D __u_boot_cmd_bootd
23e30a60 D __u_boot_cmd_iminfo
23e30a78 D __u_boot_cmd_coninfo
23e30a90 D __u_boot_cmd_echo
23e30aa8 D __u_boot_cmd_bootelf
23e30ac0 D __u_boot_cmd_bootvx
23e30ad8 D __u_boot_cmd_exit
23e30af0 D __u_boot_cmd_fatload
23e30b08 D __u_boot_cmd_fatls
23e30b20 D __u_boot_cmd_fatinfo
23e30b38 D __u_boot_cmd_flinfo
23e30b50 D __u_boot_cmd_erase
23e30b68 D __u_boot_cmd_protect
23e30b80 D __u_boot_cmd_help
23e30b98 D __u_boot_cmd_question_mark
23e30bb0 D __u_boot_cmd_itest
23e30bc8 D __u_boot_cmd_loads
23e30be0 D __u_boot_cmd_loadb
23e30bf8 D __u_boot_cmd_loady
23e30c10 D __u_boot_cmd_md
23e30c28 D __u_boot_cmd_mm
23e30c40 D __u_boot_cmd_nm
23e30c58 D __u_boot_cmd_mw
23e30c70 D __u_boot_cmd_cp
23e30c88 D __u_boot_cmd_cmp
23e30ca0 D __u_boot_cmd_crc32
23e30cb8 D __u_boot_cmd_base
23e30cd0 D __u_boot_cmd_loop
23e30ce8 D __u_boot_cmd_mtest
23e30d00 D __u_boot_cmd_sleep
23e30d18 D __u_boot_cmd_mmcinfo
23e30d30 D __u_boot_cmd_mmc
23e30d48 D __u_boot_cmd_chpart
23e30d60 D __u_boot_cmd_mtdparts
23e30d78 D __u_boot_cmd_nand
23e30d90 D __u_boot_cmd_nboot
23e30da8 D __u_boot_cmd_bootp
23e30dc0 D __u_boot_cmd_tftpboot
23e30dd8 D __u_boot_cmd_dhcp
23e30df0 D __u_boot_cmd_nfs
23e30e08 D __u_boot_cmd_ping
23e30e20 D __u_boot_cmd_saveenv
23e30e38 D __u_boot_cmd_env
23e30e50 D __u_boot_cmd_editenv
23e30e68 D __u_boot_cmd_printenv
23e30e80 D __u_boot_cmd_setenv
23e30e98 D __u_boot_cmd_run
23e30eb0 D __u_boot_cmd_source
23e30ec8 D __u_boot_cmd_test
23e30ee0 D __u_boot_cmd_false
23e30ef8 D __u_boot_cmd_true
23e30f10 D __u_boot_cmd_version
23e30f28 D __u_boot_cmd_imxtract
23e30f40 D __u_boot_cmd_showvar
23e30f58 A __image_copy_end
23e30f58 A __u_boot_cmd_end
23e30f58 B __bss_start
23e30f58 B monitor_flash_len
23e30f58 R __rel_dyn_start
23e30f5c b params
23e30f60 b images
23e3108c b os_data_state
23e31090 b os_data_addr
23e31094 b bin_start_address
23e31098 B his_pad_count
23e3109c B his_pad_char
23e310a0 b a_b
23e310b8 B his_eol
23e310bc b k_data_escape
23e310c0 B os_data_init
23e310c4 b k_data_escape_saved
23e310c8 b os_data_state_saved
23e310cc b os_data_addr_saved
23e310d0 B os_data_char
23e310d4 B his_quote
23e310d8 B send_ptr
23e310dc B send_parms
23e310f0 b base_address
23e310f4 b mm_last_addr
23e310f8 b mm_last_size
23e310fc b dp_last_addr
23e31100 b dp_last_size
23e31104 B current_mtd_dev
23e31108 B devices
23e31110 B current_mtd_partnum
23e31114 b last_partition
23e31124 b last_parts
23e31324 B mtdids
23e3132c b initialized.3876
23e31330 b last_ids
23e313b0 b last.3624
23e313b8 b ctrlc_disabled
23e313bc b ctrlc_was_pressed
23e313c0 B mem_malloc_brk
23e313c4 B mem_malloc_start
23e313c8 B mem_malloc_end
23e313cc b current_mallinfo
23e313f4 b top_pad
23e313f8 b max_sbrked_mem
23e313fc b max_total_mem
23e31400 b n_mmaps_max
23e31404 B env_htab
23e31410 B env_ptr
23e31414 b top_vars
23e31418 b flag_repeat
23e3141c b do_repeat
23e31420 b the_command.2912
23e31520 b local.2896
23e31538 b buf.3110
23e31560 B last_return_code
23e31564 b map
23e31664 b ifs
23e31668 B nesting_level
23e3166c b initted.2806
23e31670 b hist_max
23e31674 b hist_add_idx
23e31678 B hist_num
23e3167c B hist_lines
23e32a90 B hist_list
23e32ae0 B console_buffer
23e32be4 b serial_devices
23e32be8 b serial_current
23e32bec b devs
23e32c28 B stdio_devices
23e32c34 b xyz
23e33070 b mmc_devices
23e33078 B mmc_dev
23e334f8 B mmc_host
23e33538 B mtd_table
23e335b8 B nand_info
23e33668 b nand_chip
23e33788 B nand_type
23e3378c B cur_ecc_mode
23e33790 b dm9000_info
23e33874 b cur_dev
23e33878 b part_offset
23e3387c B get_vfatname_block
23e36250 R __dynsym_start
23e36250 R __rel_dyn_end
23e36310 A _end
23e4387c B do_fat_read_block
23e5387c B get_dentfromdir_block
23e6387c B errno
23e63880 B ___strtok
23e63884 B dhcp_leasetime
23e63888 B NetDHCPServerIP
23e6388c B BootpID
23e63890 B dhcp_state
23e63894 B BootpTry
23e63898 b eth_current
23e6389c b eth_devices
23e638a0 b first_failed.3304
23e638a4 b act.3309
23e638a8 b env_changed_id.3310
23e638ac B NetState
23e638b0 B NetPingIP
23e638b4 b packetHandler
23e638b8 b timeHandler
23e638bc b timeStart
23e638c0 b timeDelta
23e638c4 b NetTryCount
23e638c8 b NetRestarted
23e638cc B NetRestartWrap
23e638d0 b NetDevExists
23e638d4 B NetOurEther
23e638dc B NetRxPacket
23e638e0 B NetRxPacketLen
23e638e4 B NetOurIP
23e638e8 B NetArpWaitPacketIP
23e638ec B NetArpWaitPacketMAC
23e638f0 B NetArpWaitReplyIP
23e638f4 B NetArpWaitTxPacket
23e638f8 B NetArpWaitTxPacketSize
23e638fc B NetTxPacket
23e63900 B NetOurSubnetMask
23e63904 B NetOurGatewayIP
23e63908 B NetArpWaitTimerStart
23e6390c B NetArpWaitTry
23e63910 b mac.2829
23e63918 B NetEtherNullAddr
23e63920 B NetIPID
23e63924 b PingSeqNo
23e63928 B PktBuf
23e65748 B NetRxPackets
23e65758 B NetArpWaitPacketBuf
23e65d78 b env_changed_id.2761
23e65d7c B NetServerIP
23e65d80 B NetBootFileXferSize
23e65d84 B NetOurNISDomain
23e65da4 B NetOurHostName
23e65dc4 B NetOurRootPath
23e65e04 B NetOurDNSIP
23e65e08 B NetBootFileSize
23e65e0c B NetServerEther
23e65e14 B BootFile
23e65e94 b rpc_id
23e65e98 b NfsSrvMountPort
23e65e9c b NfsSrvNfsPort
23e65ea0 b NfsServerIP
23e65ea4 b NfsOurPort
23e65ea8 b fs_mounted
23e65eac b dirfh
23e65ecc b filefh
23e65eec b NfsState
23e65ef0 b nfs_path
23e65ef4 b nfs_filename
23e65ef8 b nfs_len
23e65efc b NfsTimeoutCount
23e65f00 b NfsDownloadState
23e65f04 b nfs_path_buff
23e66704 b default_filename
23e66744 b TftpState
23e66748 b tftp_filename
23e667c8 b TftpBlock
23e667cc b TftpRemoteIP
23e667d0 b TftpRemotePort
23e667d4 b TftpOurPort
23e667d8 b TftpTimeoutCount
23e667dc b TftpBlockWrap
23e667e0 b TftpBlockWrapOffset
23e667e4 b TftpLastBlock
23e667e8 b default_filename
23e667f8 b s5pc110_gpio
23e667fc B __bss_end__
