Archive member included because of file (symbol)

board/samsung/tiny210/libtiny210.o(tiny210.o)
                              arch/arm/lib/libarm.o (board_init)
board/samsung/tiny210/libtiny210.o(lowlevel_init.o)
                              arch/arm/cpu/armv7/start.o (lowlevel_init)
board/samsung/tiny210/libtiny210.o(mem_setup.o)
                              board/samsung/tiny210/libtiny210.o(lowlevel_init.o) (mem_ctrl_asm_init)
/opt/FriendlyARM/toolschain/4.5.1/lib/gcc/arm-none-linux-gnueabi/4.5.1/libgcc.a(_udivsi3.o)
                              arch/arm/cpu/armv7/s5p-common/libs5p-common.o (__aeabi_uidiv)
/opt/FriendlyARM/toolschain/4.5.1/lib/gcc/arm-none-linux-gnueabi/4.5.1/libgcc.a(_divsi3.o)
                              common/libcommon.o (__aeabi_idiv)
/opt/FriendlyARM/toolschain/4.5.1/lib/gcc/arm-none-linux-gnueabi/4.5.1/libgcc.a(_lshrdi3.o)
                              drivers/mtd/nand/libnand.o (__aeabi_llsr)
/opt/FriendlyARM/toolschain/4.5.1/lib/gcc/arm-none-linux-gnueabi/4.5.1/libgcc.a(_ashrdi3.o)
                              drivers/mtd/nand/libnand.o (__aeabi_lasr)
/opt/FriendlyARM/toolschain/4.5.1/lib/gcc/arm-none-linux-gnueabi/4.5.1/libgcc.a(_ashldi3.o)
                              drivers/mmc/libmmc.o (__aeabi_llsl)
/opt/FriendlyARM/toolschain/4.5.1/lib/gcc/arm-none-linux-gnueabi/4.5.1/libgcc.a(_dvmd_lnx.o)
                              /opt/FriendlyARM/toolschain/4.5.1/lib/gcc/arm-none-linux-gnueabi/4.5.1/libgcc.a(_udivsi3.o) (__aeabi_idiv0)

Memory Configuration

Name             Origin             Length             Attributes
*default*        0x00000000         0xffffffff

Linker script and memory map

                0x00000000                . = 0x0
                0x00000000                . = ALIGN (0x4)

.text           0x23e00000    0x25a6c
 arch/arm/cpu/armv7/start.o(.text)
 .text          0x23e00000      0x500 arch/arm/cpu/armv7/start.o
                0x23e00000                _start
                0x23e00040                _end_vect
                0x23e00040                _TEXT_BASE
                0x23e00044                _bss_start_ofs
                0x23e00048                _image_copy_end_ofs
                0x23e0004c                _bss_end_ofs
                0x23e00050                _end_ofs
                0x23e00054                IRQ_STACK_START_IN
                0x23e00100                relocate_code
 *(.text)
 .text          0x23e00500       0xd0 arch/arm/cpu/armv7/libarmv7.o
                0x23e00500                invalidate_dcache_all
                0x23e00504                flush_dcache_all
                0x23e00508                invalidate_dcache_range
                0x23e0050c                flush_dcache_range
                0x23e00510                arm_init_before_mmu
                0x23e00514                flush_cache
                0x23e00518                invalidate_icache_all
                0x23e00530                __v7_outer_cache_enable
                0x23e00534                __v7_outer_cache_disable
                0x23e00538                __v7_outer_cache_flush_all
                0x23e00538                v7_outer_cache_flush_all
                0x23e0053c                v7_outer_cache_inval_all
                0x23e0053c                __v7_outer_cache_inval_all
                0x23e00540                v7_outer_cache_flush_range
                0x23e00540                __v7_outer_cache_flush_range
                0x23e00544                __v7_outer_cache_inval_range
                0x23e00544                v7_outer_cache_inval_range
                0x23e00548                save_boot_params_default
                0x23e00548                save_boot_params
                0x23e0054c                cleanup_before_linux
                0x23e0056c                sdelay
                0x23e00578                sr32
                0x23e0059c                wait_on_value
 .text          0x23e005d0      0x4fc arch/arm/cpu/armv7/s5p-common/libs5p-common.o
                0x23e005d0                arch_cpu_init
                0x23e00600                get_device_type
                0x23e00610                print_cpuinfo
                0x23e00690                timer_init
                0x23e006c4                reset_timer_masked
                0x23e006e0                get_timer_masked
                0x23e00724                get_timer
                0x23e00738                __udelay
                0x23e007cc                get_ticks
                0x23e007dc                get_tbclk
                0x23e007e4                s5p_config_sromc
                0x23e00870                pwm_enable
                0x23e008a4                pwm_disable
                0x23e008d4                pwm_config
                0x23e00a00                pwm_init
 *fill*         0x23e00acc       0x14 00
 .text          0x23e00ae0      0x33c arch/arm/cpu/armv7/s5pc1xx/libs5pc1xx.o
                0x23e00b1c                get_pll_clk
                0x23e00cd8                get_arm_clk
                0x23e00d48                get_pwm_clk
                0x23e00d6c                get_uart_clk
                0x23e00d90                set_mmc_clk
                0x23e00da0                v7_outer_cache_enable
                0x23e00db4                v7_outer_cache_disable
                0x23e00de0                reset_cpu
 .text          0x23e00e1c      0x838 arch/arm/lib/libarm.o
                0x23e00e90                coloured_LED_init
                0x23e00e90                __coloured_LED_init
                0x23e00e94                red_LED_on
                0x23e00e94                __red_LED_on
                0x23e00e98                __red_LED_off
                0x23e00e98                red_LED_off
                0x23e00e9c                green_LED_on
                0x23e00e9c                __green_LED_on
                0x23e00ea0                __green_LED_off
                0x23e00ea0                green_LED_off
                0x23e00ea4                __yellow_LED_on
                0x23e00ea4                yellow_LED_on
                0x23e00ea8                __yellow_LED_off
                0x23e00ea8                yellow_LED_off
                0x23e00eac                blue_LED_on
                0x23e00eac                __blue_LED_on
                0x23e00eb0                blue_LED_off
                0x23e00eb0                __blue_LED_off
                0x23e00eb4                __dram_init_banksize
                0x23e00ed0                board_init_f_nand
                0x23e00ed4                board_init_r
                0x23e00ffc                hang
                0x23e01010                board_init_f
                0x23e01128                arch_lmb_reserve
                0x23e0114c                do_bootm_linux
                0x23e0130c                __flush_cache
                0x23e01310                __flush_dcache_all
                0x23e0131c                enable_caches
                0x23e0131c                __enable_caches
                0x23e01358                __arm_init_before_mmu
                0x23e0135c                icache_enable
                0x23e01374                icache_disable
                0x23e0138c                icache_status
                0x23e013a0                dcache_enable
                0x23e013a4                dcache_disable
                0x23e013a8                dcache_status
                0x23e013b0                interrupt_init
                0x23e013cc                enable_interrupts
                0x23e013d0                disable_interrupts
                0x23e013d8                bad_mode
                0x23e013e8                show_regs
                0x23e01528                do_undefined_instruction
                0x23e0154c                do_software_interrupt
                0x23e01570                do_prefetch_abort
                0x23e01594                do_data_abort
                0x23e015b8                do_not_used
                0x23e015dc                do_fiq
                0x23e01600                do_irq
                0x23e01624                do_reset
 .text          0x23e01654     0xea6c common/libcommon.o
                0x23e01654                do_bdinfo
                0x23e017a8                do_go_exec
                0x23e017c0                do_go
                0x23e0184c                do_bootd
                0x23e01b94                do_iminfo
                0x23e020d4                arch_preboot_os
                0x23e020d4                __arch_preboot_os
                0x23e020d8                do_bootm_subcommand
                0x23e02324                do_bootm
                0x23e025bc                bootm_maybe_autostart
                0x23e02630                do_coninfo
                0x23e026e8                do_echo
                0x23e027f8                do_bootelf_exec
                0x23e0283c                valid_elf_image
                0x23e02888                do_bootvx
                0x23e02b20                do_bootelf
                0x23e02c74                do_exit
                0x23e02ca4                do_fat_fsinfo
                0x23e02d7c                do_fat_ls
                0x23e02e84                do_fat_fsload
                0x23e03008                do_flinfo
                0x23e03010                do_flerase
                0x23e03018                do_protect
                0x23e03068                do_help
                0x23e0313c                binary_test
                0x23e032f8                do_itest
                0x23e036fc                do_load_serial
                0x23e037d8                send_pad
                0x23e03804                ktrans
                0x23e03824                chk1
                0x23e0384c                s1_sendpacket
                0x23e03870                send_ack
                0x23e038d0                send_nack
                0x23e03930                k_data_init
                0x23e03950                k_data_save
                0x23e03974                k_data_restore
                0x23e03998                k_data_char
                0x23e039e8                handle_send_packet
                0x23e03bac                do_load_serial_bin
                0x23e04008                do_mem_crc
                0x23e040b0                do_mem_base
                0x23e040f4                do_mem_mtest
                0x23e04298                do_mem_loop
                0x23e04390                do_mem_cp
                0x23e04468                do_mem_cmp
                0x23e045f8                do_mem_mw
                0x23e04800                do_mem_nm
                0x23e04824                do_mem_mm
                0x23e04848                do_mem_md
                0x23e04920                do_sleep
                0x23e049a0                do_mmcops
                0x23e04dd0                do_mmcinfo
                0x23e05994                mtd_device_validate
                0x23e059c4                device_find
                0x23e05f7c                mtd_id_parse
                0x23e0608c                find_dev_and_part
                0x23e06244                mtdparts_init
                0x23e06838                do_mtdparts
                0x23e06e64                do_chpart
                0x23e071bc                do_nandboot
                0x23e0766c                do_nand
                0x23e080b0                do_ping
                0x23e083ec                do_nfs
                0x23e083f8                do_dhcp
                0x23e08404                do_tftpb
                0x23e08410                do_bootp
                0x23e08724                do_env_save
                0x23e087e8                do_env_print
                0x23e0886c                get_env_id
                0x23e0887c                _do_env_set
                0x23e08c44                do_env_set
                0x23e08c60                setenv
                0x23e08ed0                envmatch
                0x23e08f34                getenv_f
                0x23e08ff0                getenv
                0x23e0905c                do_env_edit
                0x23e090e0                source
                0x23e09204                do_source
                0x23e09248                do_false
                0x23e09250                do_true
                0x23e09258                do_test
                0x23e096c8                do_version
                0x23e09700                do_imgextract
                0x23e099d8                find_cmd_tbl
                0x23e09a74                find_cmd
                0x23e09a9c                cmd_usage
                0x23e09af8                _do_help
                0x23e09c80                cmd_get_data_size
                0x23e09d74                serial_printf
                0x23e09db8                fgetc
                0x23e09de4                ftstc
                0x23e09e10                fputc
                0x23e09e38                fputs
                0x23e09e60                fprintf
                0x23e09eac                getc
                0x23e09ec4                tstc
                0x23e09edc                putc
                0x23e09ef8                puts
                0x23e09f14                printf
                0x23e09f58                vprintf
                0x23e09f90                ctrlc
                0x23e09fdc                disable_ctrlc
                0x23e09ff4                had_ctrlc
                0x23e0a004                clear_ctrlc
                0x23e0a018                dbg
                0x23e0a024                search_device
                0x23e0a04c                console_assign
                0x23e0a08c                console_init_f
                0x23e0a09c                stdio_print_current_devices
                0x23e0a154                console_init_r
                0x23e0a23c                sbrk
                0x23e0a298                mem_malloc_init
                0x23e0a2b8                malloc_trim
                0x23e0a388                free
                0x23e0a5ac                cfree
                0x23e0a5b0                malloc
                0x23e0ab68                calloc
                0x23e0ac48                memalign
                0x23e0ad58                pvalloc
                0x23e0ad70                valloc
                0x23e0ad7c                realloc
                0x23e0b1cc                malloc_usable_size
                0x23e0b20c                mallopt
                0x23e0b280                env_get_addr
                0x23e0b2a4                env_get_char_memory
                0x23e0b2b4                env_get_char
                0x23e0b2e8                set_default_env
                0x23e0b388                env_import
                0x23e0b458                env_relocate
                0x23e0b488                env_get_char_spec
                0x23e0b494                env_init
                0x23e0b4b0                writeenv
                0x23e0b568                saveenv
                0x23e0b6b0                readenv
                0x23e0b764                env_relocate_spec
                0x23e0b7ac                get_version
                0x23e0b7b4                jumptable_init
                0x23e0b9d8                do_showvar
                0x23e0bed8                simple_itoa
                0x23e0bf30                get_local_var
                0x23e0c0fc                set_local_var
                0x23e0c2b4                unset_local_var
                0x23e0c354                new_pipe
                0x23e0c3c4                reserved_word
                0x23e0c6ec                mapset
                0x23e0c710                update_ifs_map
                0x23e0c780                parse_string_outer
                0x23e0d678                parse_file_outer
                0x23e0d6bc                u_boot_hush_start
                0x23e0d750                image_check_hcrc
                0x23e0d7a0                image_check_dcrc
                0x23e0d7e0                image_multi_count
                0x23e0d800                image_multi_getimg
                0x23e0d884                getenv_yesno
                0x23e0d8ac                getenv_bootm_low
                0x23e0d8dc                getenv_bootm_size
                0x23e0d938                getenv_bootm_mapsize
                0x23e0d968                memmove_wd
                0x23e0d974                genimg_print_size
                0x23e0d9a4                get_table_entry_name
                0x23e0d9d0                genimg_get_os_name
                0x23e0d9e8                genimg_get_arch_name
                0x23e0da00                genimg_get_type_name
                0x23e0da18                genimg_get_comp_name
                0x23e0da30                image_print_contents
                0x23e0dba8                get_table_entry_id
                0x23e0dbf4                genimg_get_os_id
                0x23e0dc0c                genimg_get_arch_id
                0x23e0dc24                genimg_get_type_id
                0x23e0dc3c                genimg_get_comp_id
                0x23e0dc54                genimg_get_format
                0x23e0dc6c                genimg_get_image
                0x23e0dc70                genimg_has_config
                0x23e0dc78                boot_get_ramdisk
                0x23e0dea8                boot_ramdisk_high
                0x23e0e198                __show_boot_progress
                0x23e0e198                show_boot_progress
                0x23e0e19c                main_loop
                0x23e0e2bc                readline_into_buffer
                0x23e0eb14                readline
                0x23e0eb30                parse_line
                0x23e0ebc0                run_command
                0x23e0ef54                do_run
                0x23e0efc8                get_ram_size
                0x23e0f12c                srec_decode
                0x23e0f3a4                serial_register
                0x23e0f3bc                serial_stdio_init
                0x23e0f44c                serial_assign
                0x23e0f498                serial_initialize
                0x23e0f4e8                serial_reinit_all
                0x23e0f514                serial_init
                0x23e0f554                serial_setbrg
                0x23e0f58c                serial_getc
                0x23e0f5cc                serial_tstc
                0x23e0f60c                serial_putc
                0x23e0f64c                serial_puts
                0x23e0f68c                stdio_get_list
                0x23e0f698                stdio_get_by_name
                0x23e0f6ec                stdio_clone
                0x23e0f734                stdio_register
                0x23e0f778                stdio_init
                0x23e0f808                CYGACC_COMM_IF_GETC_TIMEOUT
                0x23e0fb00                CYGACC_COMM_IF_PUTC
                0x23e0fb08                parse_num
                0x23e0fc24                xyzModem_stream_open
                0x23e0fd6c                xyzModem_stream_read
                0x23e0ffbc                xyzModem_stream_close
                0x23e1000c                xyzModem_stream_terminate
                0x23e100a0                xyzModem_error
 .text          0x23e100c0      0x8e4 disk/libdisk.o
                0x23e100c0                get_dev
                0x23e10120                dev_print
                0x23e10338                init_part
                0x23e10354                get_partition_info
                0x23e1037c                print_part
                0x23e108f0                test_part_dos
                0x23e10958                print_part_dos
                0x23e10984                get_partition_info_dos
 .text          0x23e109a4      0x254 drivers/gpio/libgpio.o
                0x23e109a4                s5p_gpio_cfg_pin
                0x23e109c0                s5p_gpio_direction_output
                0x23e109f8                s5p_gpio_direction_input
                0x23e10a00                s5p_gpio_set_value
                0x23e10a20                s5p_gpio_get_value
                0x23e10a38                s5p_gpio_set_pull
                0x23e10a5c                s5p_gpio_set_drv
                0x23e10a80                s5p_gpio_set_rate
                0x23e10aa8                s5p_gpio_get_bank
                0x23e10ac8                s5p_gpio_get_pin
                0x23e10ae0                gpio_request
                0x23e10ae8                gpio_direction_input
                0x23e10b2c                gpio_direction_output
                0x23e10b74                gpio_get_value
                0x23e10bbc                gpio_set_value
 .text          0x23e10bf8     0x1cb0 drivers/mmc/libmmc.o
                0x23e10c14                __board_mmc_getcd
                0x23e10c14                board_mmc_getcd
                0x23e10c1c                mmc_send_cmd
                0x23e10c2c                mmc_send_status
                0x23e10cf4                mmc_set_blocklen
                0x23e10d2c                find_mmc_device
                0x23e1109c                mmc_read_blocks
                0x23e11220                mmc_go_idle
                0x23e11274                sd_send_op_cond
                0x23e113d8                mmc_send_op_cond
                0x23e11544                mmc_send_ext_csd
                0x23e11598                mmc_switch
                0x23e115f0                mmc_change_freq
                0x23e116a4                mmc_switch_part
                0x23e116e0                sd_switch
                0x23e11750                sd_change_freq
                0x23e11930                mmc_set_ios
                0x23e11940                mmc_set_clock
                0x23e1196c                mmc_set_bus_width
                0x23e11980                mmc_startup
                0x23e11fbc                mmc_send_if_cond
                0x23e1203c                mmc_register
                0x23e120c0                mmc_get_dev
                0x23e120d4                mmc_init
                0x23e1218c                cpu_mmc_init
                0x23e12194                print_mmc_devices
                0x23e121f8                get_mmc_num
                0x23e12208                mmc_initialize
                0x23e1277c                s5p_mmc_init
 .text          0x23e128a8      0x1dc drivers/mtd/libmtd.o
                0x23e128a8                add_mtd_device
                0x23e12918                del_mtd_device
                0x23e12968                get_mtd_device
                0x23e129e4                get_mtd_device_nm
                0x23e12a58                put_mtd_device
 .text          0x23e12a84     0x6dbc drivers/mtd/nand/libnand.o
                0x23e12a84                nand_init
                0x23e14b28                nand_wait_ready
                0x23e15718                nand_erase_nand
                0x23e15b14                nand_scan_ident
                0x23e16108                nand_scan_tail
                0x23e16694                nand_scan
                0x23e166b8                nand_release
                0x23e17670                nand_update_bbt
                0x23e1792c                nand_scan_bbt
                0x23e17ddc                nand_default_bbt
                0x23e17e9c                nand_isbad_bbt
                0x23e17ef0                nand_calculate_ecc
                0x23e17fe0                nand_correct_data
                0x23e18198                nand_erase_opts
                0x23e1850c                nand_write_skip_bad
                0x23e18798                nand_read_skip_bad
                0x23e18b00                s3c_nand_enable_hwecc_8bit
                0x23e18c5c                s3c_nand_read_oob_8bit
                0x23e18ca4                s3c_nand_write_oob_8bit
                0x23e19120                s3c_nand_correct_data_8bit
                0x23e19258                s3c_nand_calculate_ecc_8bit
                0x23e19374                s3c_nand_read_page_8bit
                0x23e19468                s3c_nand_write_page_8bit
                0x23e19534                board_nand_init
 .text          0x23e19840      0x9d8 drivers/net/libnet.o
                0x23e1a194                dm9000_initialize
 .text          0x23e1a218        0x0 drivers/pcmcia/libpcmcia.o
 .text          0x23e1a218        0x0 drivers/rtc/librtc.o
 .text          0x23e1a218      0x268 drivers/serial/libserial.o
                0x23e1a254                serial_setbrg_dev
                0x23e1a29c                s5p_serial3_setbrg
                0x23e1a2a4                s5p_serial2_setbrg
                0x23e1a2ac                s5p_serial1_setbrg
                0x23e1a2b4                s5p_serial0_setbrg
                0x23e1a2bc                serial_init_dev
                0x23e1a2fc                s5p_serial3_init
                0x23e1a304                s5p_serial2_init
                0x23e1a30c                s5p_serial1_init
                0x23e1a314                s5p_serial0_init
                0x23e1a31c                serial_getc_dev
                0x23e1a360                s5p_serial3_getc
                0x23e1a368                s5p_serial2_getc
                0x23e1a370                s5p_serial1_getc
                0x23e1a378                s5p_serial0_getc
                0x23e1a380                serial_putc_dev
                0x23e1a3d0                s5p_serial3_putc
                0x23e1a3d8                s5p_serial2_putc
                0x23e1a3e0                s5p_serial1_putc
                0x23e1a3e8                s5p_serial0_putc
                0x23e1a3f0                serial_tstc_dev
                0x23e1a40c                s5p_serial3_tstc
                0x23e1a414                s5p_serial2_tstc
                0x23e1a41c                s5p_serial1_tstc
                0x23e1a424                s5p_serial0_tstc
                0x23e1a42c                serial_puts_dev
                0x23e1a454                s5p_serial3_puts
                0x23e1a45c                s5p_serial2_puts
                0x23e1a464                s5p_serial1_puts
                0x23e1a46c                s5p_serial0_puts
                0x23e1a474                default_serial_console
 .text          0x23e1a480     0x17b8 fs/fat/libfat.o
                0x23e1ab9c                fat_register_device
                0x23e1acb0                do_fat_read
                0x23e1b724                file_fat_detectfs
                0x23e1b884                file_fat_ls
                0x23e1b894                file_fat_read
                0x23e1b8cc                file_getfsname
                0x23e1b8e4                file_cd
                0x23e1bad8                file_detectfs
                0x23e1bb18                file_ls
                0x23e1bba0                file_read
 .text          0x23e1bc38     0x2cd0 lib/libgeneric.o
                0x23e1bc38                crc7
                0x23e1bc60                cyg_crc16
                0x23e1bca8                crc32_no_comp
                0x23e1bd90                crc32
                0x23e1bda4                crc32_wd
                0x23e1bda8                display_options
                0x23e1bdc8                print_size
                0x23e1bef8                print_buffer
                0x23e1c064                zfree
                0x23e1c06c                zalloc
                0x23e1c07c                zunzip
                0x23e1c184                gunzip
                0x23e1c244                hcreate_r
                0x23e1c2f0                hdestroy_r
                0x23e1c364                hstrstr_r
                0x23e1c410                hmatch_r
                0x23e1c4b0                hsearch_r
                0x23e1c794                hdelete_r
                0x23e1c81c                hexport_r
                0x23e1ca34                himport_r
                0x23e1ce30                lmb_dump_all
                0x23e1ce34                lmb_init
                0x23e1ce5c                lmb_add
                0x23e1ce60                lmb_free
                0x23e1cf88                lmb_reserve
                0x23e1cf90                lmb_overlaps_region
                0x23e1cfe4                __lmb_alloc_base
                0x23e1d114                lmb_alloc_base
                0x23e1d148                lmb_alloc
                0x23e1d150                lmb_is_reserved
                0x23e1d1b0                board_lmb_reserve
                0x23e1d1b0                __board_lmb_reserve
                0x23e1d1b4                __arch_lmb_reserve
                0x23e1d1b8                ldiv
                0x23e1d208                string_to_ip
                0x23e1d284                qsort
                0x23e1d370                strcmp_compar
                0x23e1d37c                strmhz
                0x23e1d3e8                __div64_32
                0x23e1d4dc                strcpy
                0x23e1d4f8                strncpy
                0x23e1d520                strcat
                0x23e1d550                strncat
                0x23e1d5a0                strcmp
                0x23e1d5d0                strncmp
                0x23e1d618                strchr
                0x23e1d64c                strlen
                0x23e1d668                strrchr
                0x23e1d6a4                strnlen
                0x23e1d6cc                strdup
                0x23e1d700                strspn
                0x23e1d740                strpbrk
                0x23e1d77c                strtok
                0x23e1d7f8                strsep
                0x23e1d82c                strswab
                0x23e1d878                memset
                0x23e1d8e0                bcopy
                0x23e1d908                memcpy
                0x23e1d97c                memmove
                0x23e1d9d4                memcmp
                0x23e1da0c                memscan
                0x23e1da34                strstr
                0x23e1da94                memchr
                0x23e1dac8                udelay
                0x23e1dfdc                simple_strtoul
                0x23e1e088                strict_strtoul
                0x23e1e100                simple_strtol
                0x23e1e128                ustrtoul
                0x23e1e19c                simple_strtoull
                0x23e1e27c                vsprintf
                0x23e1e8a0                sprintf
                0x23e1e8c4                panic
 .text          0x23e1e908     0x267c lib/zlib/libz.o
                0x23e1e908                zcfree
                0x23e1e910                zcalloc
                0x23e1e918                inflate_fast
                0x23e1ee6c                inflate_table
                0x23e1f3e0                inflateReset
                0x23e1f460                inflateInit2_
                0x23e1f568                inflateInit_
                0x23e1f57c                inflateEnd
                0x23e1f5e8                adler32
                0x23e1f8e4                inflate
 .text          0x23e20f84     0x39e8 net/libnet.o
                0x23e216bc                BootpRequest
                0x23e218b4                DhcpRequest
                0x23e21900                cpu_eth_init
                0x23e21964                eth_parse_enetaddr
                0x23e219c0                eth_getenv_enetaddr
                0x23e219e0                eth_setenv_enetaddr
                0x23e21a18                eth_getenv_enetaddr_by_index
                0x23e21a6c                eth_get_dev
                0x23e21a7c                eth_get_dev_by_name
                0x23e21ad0                eth_get_dev_by_index
                0x23e21b1c                eth_get_dev_index
                0x23e21b6c                eth_write_hwaddr
                0x23e21c98                eth_register
                0x23e21d20                eth_initialize
                0x23e21eb4                eth_halt
                0x23e21ee4                eth_send
                0x23e21f1c                eth_rx
                0x23e21f48                eth_try_another
                0x23e21fc4                eth_init
                0x23e22094                eth_set_current
                0x23e22128                eth_get_name
                0x23e221cc                NetSetHandler
                0x23e221dc                NetSetTimeout
                0x23e2220c                NetStartAgain
                0x23e22318                NetSendPacket
                0x23e2231c                NetCksum
                0x23e22354                NetCksumOk
                0x23e22378                NetEthHdrSize
                0x23e223b8                NetSetEther
                0x23e2245c                NetReceive
                0x23e22968                ArpRequest
                0x23e22a68                ArpTimeoutCheck
                0x23e22adc                PingSend
                0x23e22c24                NetSetIP
                0x23e22d1c                NetSendUDPPacket
                0x23e22e5c                copy_filename
                0x23e22ea0                random_port
                0x23e22ebc                ip_to_string
                0x23e22f0c                VLAN_to_string
                0x23e22f5c                string_to_VLAN
                0x23e22fb4                getenv_VLAN
                0x23e22fc4                NetLoop
                0x23e23f3c                NfsStart
                0x23e2468c                TftpStart
 .text          0x23e2496c      0x260 board/samsung/tiny210/libtiny210.o(tiny210.o)
                0x23e2496c                board_init
                0x23e24a18                dram_init
                0x23e24a38                dram_init_banksize
                0x23e24a5c                board_late_init
                0x23e24a64                board_eth_init
                0x23e24a68                checkboard
                0x23e24a80                board_mmc_init
 .text          0x23e24bcc      0x42c board/samsung/tiny210/libtiny210.o(lowlevel_init.o)
                0x23e24bd0                lowlevel_init
 *fill*         0x23e24ff8        0x8 00
 .text          0x23e25000      0x560 board/samsung/tiny210/libtiny210.o(mem_setup.o)
                0x23e25000                mem_ctrl_asm_init
                0x23e25378                cleanDCache
                0x23e25384                cleanFlushDCache
                0x23e25390                cleanFlushCache
                0x23e25420                v7_flush_dcache_all
                0x23e254c0                disable_l2cache
                0x23e254e0                enable_l2cache
                0x23e25500                set_l2cache_auxctrl
                0x23e25520                set_l2cache_auxctrl_cycle
 .text          0x23e25560       0x5c /home/piaozhiye/tiny210/uboot/uboot_for_tiny210/arch/arm/lib/eabi_compat.o
                0x23e25560                raise
                0x23e255b8                __aeabi_unwind_cpp_pr0
 .text          0x23e255bc      0x20c /opt/FriendlyARM/toolschain/4.5.1/lib/gcc/arm-none-linux-gnueabi/4.5.1/libgcc.a(_udivsi3.o)
                0x23e255bc                __udivsi3
                0x23e255bc                __aeabi_uidiv
                0x23e257a8                __aeabi_uidivmod
 .text          0x23e257c8      0x240 /opt/FriendlyARM/toolschain/4.5.1/lib/gcc/arm-none-linux-gnueabi/4.5.1/libgcc.a(_divsi3.o)
                0x23e257c8                __aeabi_idiv
                0x23e257c8                __divsi3
                0x23e259e8                __aeabi_idivmod
 .text          0x23e25a08       0x1c /opt/FriendlyARM/toolschain/4.5.1/lib/gcc/arm-none-linux-gnueabi/4.5.1/libgcc.a(_lshrdi3.o)
                0x23e25a08                __aeabi_llsr
                0x23e25a08                __lshrdi3
 .text          0x23e25a24       0x1c /opt/FriendlyARM/toolschain/4.5.1/lib/gcc/arm-none-linux-gnueabi/4.5.1/libgcc.a(_ashrdi3.o)
                0x23e25a24                __ashrdi3
                0x23e25a24                __aeabi_lasr
 .text          0x23e25a40       0x1c /opt/FriendlyARM/toolschain/4.5.1/lib/gcc/arm-none-linux-gnueabi/4.5.1/libgcc.a(_ashldi3.o)
                0x23e25a40                __ashldi3
                0x23e25a40                __aeabi_llsl
 .text          0x23e25a5c       0x10 /opt/FriendlyARM/toolschain/4.5.1/lib/gcc/arm-none-linux-gnueabi/4.5.1/libgcc.a(_dvmd_lnx.o)
                0x23e25a5c                __aeabi_ldiv0
                0x23e25a5c                __aeabi_idiv0

.glue_7         0x23e25a6c        0x0
 .glue_7        0x00000000        0x0 linker stubs

.glue_7t        0x23e25a6c        0x0
 .glue_7t       0x00000000        0x0 linker stubs

.vfp11_veneer   0x23e25a6c        0x0
 .vfp11_veneer  0x00000000        0x0 linker stubs

.v4_bx          0x23e25a6c        0x0
 .v4_bx         0x00000000        0x0 linker stubs
                0x23e25a6c                . = ALIGN (0x4)

.rodata         0x23e25a6c     0x9256
 *(SORT(.rodata*))
 .rodata        0x23e25a6c       0x80 arch/arm/lib/libarm.o
 .rodata        0x23e25aec      0x558 common/libcommon.o
                0x23e25bc0                version_string
                0x23e25c68                default_environment
 .rodata        0x23e26044       0x10 disk/libdisk.o
 .rodata        0x23e26054       0x80 drivers/mmc/libmmc.o
 .rodata        0x23e260d4      0x61c drivers/mtd/nand/libnand.o
                0x23e26238                nand_flash_ids
                0x23e266a0                nand_manuf_ids
 .rodata        0x23e266f0       0x40 drivers/serial/libserial.o
 .rodata        0x23e26730       0x18 fs/fat/libfat.o
 .rodata        0x23e26748      0x82c lib/libgeneric.o
                0x23e26748                crc7_syndrome_table
                0x23e26e50                _ctype
                0x23e26f50                hex_asc
 .rodata        0x23e26f74      0x9d0 lib/zlib/libz.o
                0x23e2791c                z_errmsg
 .rodata        0x23e27944        0xe net/libnet.o
 .rodata.str1.1
                0x23e27952       0x12 arch/arm/cpu/armv7/s5p-common/libs5p-common.o
 .rodata.str1.1
                0x23e27964       0x16 arch/arm/cpu/armv7/s5pc1xx/libs5pc1xx.o
 .rodata.str1.1
                0x23e2797a      0x34d arch/arm/lib/libarm.o
                                0x36a (size before relaxing)
 .rodata.str1.1
                0x23e27cc7     0x4f80 common/libcommon.o
                               0x5426 (size before relaxing)
 .rodata.str1.1
                0x23e2cc47      0x2ba disk/libdisk.o
                                0x2db (size before relaxing)
 .rodata.str1.1
                0x23e2cf01      0x1dc drivers/mmc/libmmc.o
                                0x1e8 (size before relaxing)
 .rodata.str1.1
                0x23e2d0dd       0x50 drivers/mtd/libmtd.o
 .rodata.str1.1
                0x23e2d12d      0xc8a drivers/mtd/nand/libnand.o
                                0xca2 (size before relaxing)
 .rodata.str1.1
                0x23e2ddb7      0x20d drivers/net/libnet.o
                                0x21b (size before relaxing)
 .rodata.str1.1
                0x23e2dfc4      0x195 fs/fat/libfat.o
                                0x1ca (size before relaxing)
 .rodata.str1.1
                0x23e2e159      0x12b lib/libgeneric.o
                                0x13d (size before relaxing)
 .rodata.str1.1
                0x23e2e284      0x21c lib/zlib/libz.o
                                0x21d (size before relaxing)
 .rodata.str1.1
                0x23e2e4a0      0x75a net/libnet.o
                                0x8f3 (size before relaxing)
 .rodata.str1.1
                0x23e2ebfa       0x39 board/samsung/tiny210/libtiny210.o(tiny210.o)
 .rodata.str1.1
                0x23e2ec33       0x8f /home/piaozhiye/tiny210/uboot/uboot_for_tiny210/arch/arm/lib/eabi_compat.o
                                 0x91 (size before relaxing)

.hash           0x23e2ecc4       0x44
 .hash          0x23e2ecc4       0x44 arch/arm/cpu/armv7/start.o
                0x23e2ed08                . = ALIGN (0x4)

.data           0x23e2ed08     0x1cbc
 *(.data)
 .data          0x23e2ed08        0x0 arch/arm/cpu/armv7/start.o
 .data          0x23e2ed08        0x0 arch/arm/cpu/armv7/libarmv7.o
 .data          0x23e2ed08        0x8 arch/arm/cpu/armv7/s5p-common/libs5p-common.o
                0x23e2ed08                s5p_cpu_id
                0x23e2ed0c                s5p_cpu_rev
 .data          0x23e2ed10        0x0 arch/arm/cpu/armv7/s5pc1xx/libs5pc1xx.o
 .data          0x23e2ed10       0x2c arch/arm/lib/libarm.o
                0x23e2ed10                init_sequence
 .data          0x23e2ed3c      0x640 common/libcommon.o
                0x23e2eecc                load_addr
                0x23e2f2e4                env_name_spec
                0x23e2f370                stdio_names
 .data          0x23e2f37c        0x0 disk/libdisk.o
 .data          0x23e2f37c        0x0 drivers/gpio/libgpio.o
 .data          0x23e2f37c        0x4 drivers/mmc/libmmc.o
 .data          0x23e2f380        0x0 drivers/mtd/libmtd.o
 .data          0x23e2f380     0x1354 drivers/mtd/nand/libnand.o
                0x23e2f380                nand_curr_device
 .data          0x23e306d4        0x0 drivers/net/libnet.o
 .data          0x23e306d4        0x0 drivers/pcmcia/libpcmcia.o
 .data          0x23e306d4        0x0 drivers/rtc/librtc.o
 .data          0x23e306d4       0xc0 drivers/serial/libserial.o
                0x23e306d4                s5p_serial0_device
                0x23e30704                s5p_serial1_device
                0x23e30734                s5p_serial2_device
                0x23e30764                s5p_serial3_device
 .data          0x23e30794      0x208 fs/fat/libfat.o
                0x23e30798                file_cwd
 .data          0x23e3099c        0x0 lib/libgeneric.o
 .data          0x23e3099c        0x0 lib/zlib/libz.o
 .data          0x23e3099c       0x28 net/libnet.o
                0x23e3099c                NetOurVLAN
                0x23e3099e                NetOurNativeVLAN
                0x23e309a0                NetBcastAddr
                0x23e309bc                TftpRRQTimeoutCountMax
                0x23e309c0                TftpRRQTimeoutMSecs
 .data          0x23e309c4        0x0 board/samsung/tiny210/libtiny210.o(tiny210.o)
 .data          0x23e309c4        0x0 board/samsung/tiny210/libtiny210.o(lowlevel_init.o)
 .data          0x23e309c4        0x0 board/samsung/tiny210/libtiny210.o(mem_setup.o)
 .data          0x23e309c4        0x0 /home/piaozhiye/tiny210/uboot/uboot_for_tiny210/arch/arm/lib/eabi_compat.o
 .data          0x23e309c4        0x0 /opt/FriendlyARM/toolschain/4.5.1/lib/gcc/arm-none-linux-gnueabi/4.5.1/libgcc.a(_udivsi3.o)
 .data          0x23e309c4        0x0 /opt/FriendlyARM/toolschain/4.5.1/lib/gcc/arm-none-linux-gnueabi/4.5.1/libgcc.a(_divsi3.o)
 .data          0x23e309c4        0x0 /opt/FriendlyARM/toolschain/4.5.1/lib/gcc/arm-none-linux-gnueabi/4.5.1/libgcc.a(_lshrdi3.o)
 .data          0x23e309c4        0x0 /opt/FriendlyARM/toolschain/4.5.1/lib/gcc/arm-none-linux-gnueabi/4.5.1/libgcc.a(_ashrdi3.o)
 .data          0x23e309c4        0x0 /opt/FriendlyARM/toolschain/4.5.1/lib/gcc/arm-none-linux-gnueabi/4.5.1/libgcc.a(_ashldi3.o)
 .data          0x23e309c4        0x0 /opt/FriendlyARM/toolschain/4.5.1/lib/gcc/arm-none-linux-gnueabi/4.5.1/libgcc.a(_dvmd_lnx.o)

.got            0x23e309c4        0x0
 .got           0x00000000        0x0 arch/arm/cpu/armv7/start.o

.got.plt        0x23e309c4        0xc
 .got.plt       0x23e309c4        0xc arch/arm/cpu/armv7/start.o
                0x23e309c4                _GLOBAL_OFFSET_TABLE_
                0x23e309d0                . = ALIGN (0x4)
                0x23e309d0                . = .
                0x23e309d0                __u_boot_cmd_start = .

.u_boot_cmd     0x23e309d0      0x588
 *(.u_boot_cmd)
 .u_boot_cmd    0x23e309d0      0x588 common/libcommon.o
                0x23e309d0                __u_boot_cmd_bdinfo
                0x23e309e8                __u_boot_cmd_go
                0x23e30a00                __u_boot_cmd_reset
                0x23e30a18                __u_boot_cmd_bootm
                0x23e30a30                __u_boot_cmd_boot
                0x23e30a48                __u_boot_cmd_bootd
                0x23e30a60                __u_boot_cmd_iminfo
                0x23e30a78                __u_boot_cmd_coninfo
                0x23e30a90                __u_boot_cmd_echo
                0x23e30aa8                __u_boot_cmd_bootelf
                0x23e30ac0                __u_boot_cmd_bootvx
                0x23e30ad8                __u_boot_cmd_exit
                0x23e30af0                __u_boot_cmd_fatload
                0x23e30b08                __u_boot_cmd_fatls
                0x23e30b20                __u_boot_cmd_fatinfo
                0x23e30b38                __u_boot_cmd_flinfo
                0x23e30b50                __u_boot_cmd_erase
                0x23e30b68                __u_boot_cmd_protect
                0x23e30b80                __u_boot_cmd_help
                0x23e30b98                __u_boot_cmd_question_mark
                0x23e30bb0                __u_boot_cmd_itest
                0x23e30bc8                __u_boot_cmd_loads
                0x23e30be0                __u_boot_cmd_loadb
                0x23e30bf8                __u_boot_cmd_loady
                0x23e30c10                __u_boot_cmd_md
                0x23e30c28                __u_boot_cmd_mm
                0x23e30c40                __u_boot_cmd_nm
                0x23e30c58                __u_boot_cmd_mw
                0x23e30c70                __u_boot_cmd_cp
                0x23e30c88                __u_boot_cmd_cmp
                0x23e30ca0                __u_boot_cmd_crc32
                0x23e30cb8                __u_boot_cmd_base
                0x23e30cd0                __u_boot_cmd_loop
                0x23e30ce8                __u_boot_cmd_mtest
                0x23e30d00                __u_boot_cmd_sleep
                0x23e30d18                __u_boot_cmd_mmcinfo
                0x23e30d30                __u_boot_cmd_mmc
                0x23e30d48                __u_boot_cmd_chpart
                0x23e30d60                __u_boot_cmd_mtdparts
                0x23e30d78                __u_boot_cmd_nand
                0x23e30d90                __u_boot_cmd_nboot
                0x23e30da8                __u_boot_cmd_bootp
                0x23e30dc0                __u_boot_cmd_tftpboot
                0x23e30dd8                __u_boot_cmd_dhcp
                0x23e30df0                __u_boot_cmd_nfs
                0x23e30e08                __u_boot_cmd_ping
                0x23e30e20                __u_boot_cmd_saveenv
                0x23e30e38                __u_boot_cmd_env
                0x23e30e50                __u_boot_cmd_editenv
                0x23e30e68                __u_boot_cmd_printenv
                0x23e30e80                __u_boot_cmd_setenv
                0x23e30e98                __u_boot_cmd_run
                0x23e30eb0                __u_boot_cmd_source
                0x23e30ec8                __u_boot_cmd_test
                0x23e30ee0                __u_boot_cmd_false
                0x23e30ef8                __u_boot_cmd_true
                0x23e30f10                __u_boot_cmd_version
                0x23e30f28                __u_boot_cmd_imxtract
                0x23e30f40                __u_boot_cmd_showvar
                0x23e30f58                __u_boot_cmd_end = .
                0x23e30f58                . = ALIGN (0x4)
                0x23e30f58                __image_copy_end = .

.rel.dyn        0x23e30f58     0x52f8
                0x23e30f58                __rel_dyn_start = .
 *(.rel*)
 .rel.got       0x00000000        0x0 arch/arm/cpu/armv7/start.o
 .rel.plt       0x00000000        0x0 arch/arm/cpu/armv7/start.o
 .rel.text      0x23e30f58     0x3900 arch/arm/cpu/armv7/start.o
 .rel.rodata    0x23e34858      0x720 arch/arm/cpu/armv7/start.o
 .rel.data      0x23e34f78      0xb88 arch/arm/cpu/armv7/start.o
 .rel.u_boot_cmd
                0x23e35b00      0x750 arch/arm/cpu/armv7/start.o
                0x23e36250                __rel_dyn_end = .

.dynsym         0x23e36250       0xc0
                0x23e36250                __dynsym_start = .
 *(.dynsym)
 .dynsym        0x23e36250       0xc0 arch/arm/cpu/armv7/start.o
                0x23e36310                _end = .

.bss            0x23e30f58    0x358a4
                0x23e30f58                __bss_start = .
 *(.bss)
 .bss           0x23e30f58        0x0 arch/arm/cpu/armv7/start.o
 .bss           0x23e30f58        0x0 arch/arm/cpu/armv7/libarmv7.o
 .bss           0x23e30f58        0x0 arch/arm/cpu/armv7/s5p-common/libs5p-common.o
 .bss           0x23e30f58        0x0 arch/arm/cpu/armv7/s5pc1xx/libs5pc1xx.o
 .bss           0x23e30f58        0x8 arch/arm/lib/libarm.o
                0x23e30f58                monitor_flash_len
 *fill*         0x23e30f60        0x0 00
 .bss           0x23e30f60     0x2110 common/libcommon.o
                0x23e31098                his_pad_count
                0x23e3109c                his_pad_char
                0x23e310b8                his_eol
                0x23e310c0                os_data_init
                0x23e310d0                os_data_char
                0x23e310d4                his_quote
                0x23e310d8                send_ptr
                0x23e310dc                send_parms
                0x23e31104                current_mtd_dev
                0x23e31108                devices
                0x23e31110                current_mtd_partnum
                0x23e31324                mtdids
                0x23e313c0                mem_malloc_brk
                0x23e313c4                mem_malloc_start
                0x23e313c8                mem_malloc_end
                0x23e31404                env_htab
                0x23e31410                env_ptr
                0x23e31560                last_return_code
                0x23e31668                nesting_level
                0x23e31678                hist_num
                0x23e3167c                hist_lines
                0x23e32a90                hist_list
                0x23e32ae0                console_buffer
                0x23e32c28                stdio_devices
 .bss           0x23e33070        0x0 disk/libdisk.o
 .bss           0x23e33070        0x0 drivers/gpio/libgpio.o
 .bss           0x23e33070      0x4c8 drivers/mmc/libmmc.o
                0x23e33078                mmc_dev
                0x23e334f8                mmc_host
 .bss           0x23e33538       0x80 drivers/mtd/libmtd.o
                0x23e33538                mtd_table
 .bss           0x23e335b8      0x1d8 drivers/mtd/nand/libnand.o
                0x23e335b8                nand_info
                0x23e33788                nand_type
                0x23e3378c                cur_ecc_mode
 .bss           0x23e33790       0xe4 drivers/net/libnet.o
 .bss           0x23e33874        0x0 drivers/pcmcia/libpcmcia.o
 .bss           0x23e33874        0x0 drivers/rtc/librtc.o
 .bss           0x23e33874        0x0 drivers/serial/libserial.o
 .bss           0x23e33874    0x30008 fs/fat/libfat.o
                0x23e3387c                get_vfatname_block
                0x23e4387c                do_fat_read_block
                0x23e5387c                get_dentfromdir_block
 .bss           0x23e6387c        0x8 lib/libgeneric.o
                0x23e6387c                errno
                0x23e63880                ___strtok
 .bss           0x23e63884        0x0 lib/zlib/libz.o
 .bss           0x23e63884     0x2f74 net/libnet.o
                0x23e63884                dhcp_leasetime
                0x23e63888                NetDHCPServerIP
                0x23e6388c                BootpID
                0x23e63890                dhcp_state
                0x23e63894                BootpTry
                0x23e638ac                NetState
                0x23e638b0                NetPingIP
                0x23e638cc                NetRestartWrap
                0x23e638d4                NetOurEther
                0x23e638dc                NetRxPacket
                0x23e638e0                NetRxPacketLen
                0x23e638e4                NetOurIP
                0x23e638e8                NetArpWaitPacketIP
                0x23e638ec                NetArpWaitPacketMAC
                0x23e638f0                NetArpWaitReplyIP
                0x23e638f4                NetArpWaitTxPacket
                0x23e638f8                NetArpWaitTxPacketSize
                0x23e638fc                NetTxPacket
                0x23e63900                NetOurSubnetMask
                0x23e63904                NetOurGatewayIP
                0x23e63908                NetArpWaitTimerStart
                0x23e6390c                NetArpWaitTry
                0x23e63918                NetEtherNullAddr
                0x23e63920                NetIPID
                0x23e63928                PktBuf
                0x23e65748                NetRxPackets
                0x23e65758                NetArpWaitPacketBuf
                0x23e65d7c                NetServerIP
                0x23e65d80                NetBootFileXferSize
                0x23e65d84                NetOurNISDomain
                0x23e65da4                NetOurHostName
                0x23e65dc4                NetOurRootPath
                0x23e65e04                NetOurDNSIP
                0x23e65e08                NetBootFileSize
                0x23e65e0c                NetServerEther
                0x23e65e14                BootFile
 .bss           0x23e667f8        0x4 board/samsung/tiny210/libtiny210.o(tiny210.o)
 .bss           0x23e667fc        0x0 board/samsung/tiny210/libtiny210.o(lowlevel_init.o)
 .bss           0x23e667fc        0x0 board/samsung/tiny210/libtiny210.o(mem_setup.o)
 .bss           0x23e667fc        0x0 /home/piaozhiye/tiny210/uboot/uboot_for_tiny210/arch/arm/lib/eabi_compat.o
 .bss           0x23e667fc        0x0 /opt/FriendlyARM/toolschain/4.5.1/lib/gcc/arm-none-linux-gnueabi/4.5.1/libgcc.a(_udivsi3.o)
 .bss           0x23e667fc        0x0 /opt/FriendlyARM/toolschain/4.5.1/lib/gcc/arm-none-linux-gnueabi/4.5.1/libgcc.a(_divsi3.o)
 .bss           0x23e667fc        0x0 /opt/FriendlyARM/toolschain/4.5.1/lib/gcc/arm-none-linux-gnueabi/4.5.1/libgcc.a(_lshrdi3.o)
 .bss           0x23e667fc        0x0 /opt/FriendlyARM/toolschain/4.5.1/lib/gcc/arm-none-linux-gnueabi/4.5.1/libgcc.a(_ashrdi3.o)
 .bss           0x23e667fc        0x0 /opt/FriendlyARM/toolschain/4.5.1/lib/gcc/arm-none-linux-gnueabi/4.5.1/libgcc.a(_ashldi3.o)
 .bss           0x23e667fc        0x0 /opt/FriendlyARM/toolschain/4.5.1/lib/gcc/arm-none-linux-gnueabi/4.5.1/libgcc.a(_dvmd_lnx.o)
                0x23e667fc                . = ALIGN (0x4)
                0x23e667fc                __bss_end__ = .

.dynbss         0x23e667fc        0x0
 .dynbss        0x00000000        0x0 arch/arm/cpu/armv7/start.o

/DISCARD/
 *(.dynstr*)
 *(.dynamic*)
 *(.plt*)
 *(.interp*)
 *(.gnu*)
Address of section .text set to 0x23e00000
LOAD arch/arm/cpu/armv7/start.o
START GROUP
LOAD api/libapi.o
LOAD arch/arm/cpu/armv7/libarmv7.o
LOAD arch/arm/cpu/armv7/s5p-common/libs5p-common.o
LOAD arch/arm/cpu/armv7/s5pc1xx/libs5pc1xx.o
LOAD arch/arm/lib/libarm.o
LOAD common/libcommon.o
LOAD disk/libdisk.o
LOAD drivers/bios_emulator/libatibiosemu.o
LOAD drivers/block/libblock.o
LOAD drivers/dma/libdma.o
LOAD drivers/fpga/libfpga.o
LOAD drivers/gpio/libgpio.o
LOAD drivers/hwmon/libhwmon.o
LOAD drivers/i2c/libi2c.o
LOAD drivers/input/libinput.o
LOAD drivers/misc/libmisc.o
LOAD drivers/mmc/libmmc.o
LOAD drivers/mtd/libmtd.o
LOAD drivers/mtd/nand/libnand.o
LOAD drivers/mtd/onenand/libonenand.o
LOAD drivers/mtd/spi/libspi_flash.o
LOAD drivers/mtd/ubi/libubi.o
LOAD drivers/net/libnet.o
LOAD drivers/net/phy/libphy.o
LOAD drivers/pci/libpci.o
LOAD drivers/pcmcia/libpcmcia.o
LOAD drivers/power/libpower.o
LOAD drivers/rtc/librtc.o
LOAD drivers/serial/libserial.o
LOAD drivers/spi/libspi.o
LOAD drivers/twserial/libtws.o
LOAD drivers/usb/eth/libusb_eth.o
LOAD drivers/usb/gadget/libusb_gadget.o
LOAD drivers/usb/host/libusb_host.o
LOAD drivers/usb/musb/libusb_musb.o
LOAD drivers/usb/phy/libusb_phy.o
LOAD drivers/video/libvideo.o
LOAD drivers/watchdog/libwatchdog.o
LOAD fs/cramfs/libcramfs.o
LOAD fs/ext2/libext2fs.o
LOAD fs/fat/libfat.o
LOAD fs/fdos/libfdos.o
LOAD fs/jffs2/libjffs2.o
LOAD fs/reiserfs/libreiserfs.o
LOAD fs/ubifs/libubifs.o
LOAD fs/yaffs2/libyaffs2.o
LOAD lib/libfdt/libfdt.o
LOAD lib/libgeneric.o
LOAD lib/lzma/liblzma.o
LOAD lib/lzo/liblzo.o
LOAD lib/zlib/libz.o
LOAD net/libnet.o
LOAD post/libpost.o
LOAD board/samsung/tiny210/libtiny210.o
END GROUP
LOAD /home/piaozhiye/tiny210/uboot/uboot_for_tiny210/arch/arm/lib/eabi_compat.o
LOAD /opt/FriendlyARM/toolschain/4.5.1/lib/gcc/arm-none-linux-gnueabi/4.5.1/libgcc.a
OUTPUT(u-boot elf32-littlearm)

.ARM.attributes
                0x00000000       0x32
 .ARM.attributes
                0x00000000       0x19 arch/arm/cpu/armv7/start.o
 .ARM.attributes
                0x00000019       0x29 arch/arm/cpu/armv7/libarmv7.o
 .ARM.attributes
                0x00000042       0x29 arch/arm/cpu/armv7/s5p-common/libs5p-common.o
 .ARM.attributes
                0x0000006b       0x29 arch/arm/cpu/armv7/s5pc1xx/libs5pc1xx.o
 .ARM.attributes
                0x00000094       0x29 arch/arm/lib/libarm.o
 .ARM.attributes
                0x000000bd       0x29 common/libcommon.o
 .ARM.attributes
                0x000000e6       0x29 disk/libdisk.o
 .ARM.attributes
                0x0000010f       0x29 drivers/gpio/libgpio.o
 .ARM.attributes
                0x00000138       0x29 drivers/mmc/libmmc.o
 .ARM.attributes
                0x00000161       0x29 drivers/mtd/libmtd.o
 .ARM.attributes
                0x0000018a       0x29 drivers/mtd/nand/libnand.o
 .ARM.attributes
                0x000001b3       0x29 drivers/net/libnet.o
 .ARM.attributes
                0x000001dc       0x27 drivers/pcmcia/libpcmcia.o
 .ARM.attributes
                0x00000203       0x27 drivers/rtc/librtc.o
 .ARM.attributes
                0x0000022a       0x29 drivers/serial/libserial.o
 .ARM.attributes
                0x00000253       0x29 fs/fat/libfat.o
 .ARM.attributes
                0x0000027c       0x29 lib/libgeneric.o
 .ARM.attributes
                0x000002a5       0x29 lib/zlib/libz.o
 .ARM.attributes
                0x000002ce       0x29 net/libnet.o
 .ARM.attributes
                0x000002f7       0x29 board/samsung/tiny210/libtiny210.o(tiny210.o)
 .ARM.attributes
                0x00000320       0x19 board/samsung/tiny210/libtiny210.o(lowlevel_init.o)
 .ARM.attributes
                0x00000339       0x19 board/samsung/tiny210/libtiny210.o(mem_setup.o)
 .ARM.attributes
                0x00000352       0x29 /home/piaozhiye/tiny210/uboot/uboot_for_tiny210/arch/arm/lib/eabi_compat.o
 .ARM.attributes
                0x0000037b       0x28 /opt/FriendlyARM/toolschain/4.5.1/lib/gcc/arm-none-linux-gnueabi/4.5.1/libgcc.a(_udivsi3.o)
 .ARM.attributes
                0x000003a3       0x28 /opt/FriendlyARM/toolschain/4.5.1/lib/gcc/arm-none-linux-gnueabi/4.5.1/libgcc.a(_divsi3.o)
 .ARM.attributes
                0x000003cb       0x28 /opt/FriendlyARM/toolschain/4.5.1/lib/gcc/arm-none-linux-gnueabi/4.5.1/libgcc.a(_lshrdi3.o)
 .ARM.attributes
                0x000003f3       0x28 /opt/FriendlyARM/toolschain/4.5.1/lib/gcc/arm-none-linux-gnueabi/4.5.1/libgcc.a(_ashrdi3.o)
 .ARM.attributes
                0x0000041b       0x28 /opt/FriendlyARM/toolschain/4.5.1/lib/gcc/arm-none-linux-gnueabi/4.5.1/libgcc.a(_ashldi3.o)
 .ARM.attributes
                0x00000443       0x28 /opt/FriendlyARM/toolschain/4.5.1/lib/gcc/arm-none-linux-gnueabi/4.5.1/libgcc.a(_dvmd_lnx.o)

.note.GNU-stack
                0x00000000        0x0
 .note.GNU-stack
                0x00000000        0x0 arch/arm/cpu/armv7/libarmv7.o
 .note.GNU-stack
                0x00000000        0x0 arch/arm/cpu/armv7/s5p-common/libs5p-common.o
 .note.GNU-stack
                0x00000000        0x0 arch/arm/cpu/armv7/s5pc1xx/libs5pc1xx.o
 .note.GNU-stack
                0x00000000        0x0 arch/arm/lib/libarm.o
 .note.GNU-stack
                0x00000000        0x0 common/libcommon.o
 .note.GNU-stack
                0x00000000        0x0 disk/libdisk.o
 .note.GNU-stack
                0x00000000        0x0 drivers/gpio/libgpio.o
 .note.GNU-stack
                0x00000000        0x0 drivers/mmc/libmmc.o
 .note.GNU-stack
                0x00000000        0x0 drivers/mtd/libmtd.o
 .note.GNU-stack
                0x00000000        0x0 drivers/mtd/nand/libnand.o
 .note.GNU-stack
                0x00000000        0x0 drivers/net/libnet.o
 .note.GNU-stack
                0x00000000        0x0 drivers/pcmcia/libpcmcia.o
 .note.GNU-stack
                0x00000000        0x0 drivers/rtc/librtc.o
 .note.GNU-stack
                0x00000000        0x0 drivers/serial/libserial.o
 .note.GNU-stack
                0x00000000        0x0 fs/fat/libfat.o
 .note.GNU-stack
                0x00000000        0x0 lib/libgeneric.o
 .note.GNU-stack
                0x00000000        0x0 lib/zlib/libz.o
 .note.GNU-stack
                0x00000000        0x0 net/libnet.o
 .note.GNU-stack
                0x00000000        0x0 board/samsung/tiny210/libtiny210.o(tiny210.o)
 .note.GNU-stack
                0x00000000        0x0 /home/piaozhiye/tiny210/uboot/uboot_for_tiny210/arch/arm/lib/eabi_compat.o
 .note.GNU-stack
                0x00000000        0x0 /opt/FriendlyARM/toolschain/4.5.1/lib/gcc/arm-none-linux-gnueabi/4.5.1/libgcc.a(_udivsi3.o)
 .note.GNU-stack
                0x00000000        0x0 /opt/FriendlyARM/toolschain/4.5.1/lib/gcc/arm-none-linux-gnueabi/4.5.1/libgcc.a(_divsi3.o)
 .note.GNU-stack
                0x00000000        0x0 /opt/FriendlyARM/toolschain/4.5.1/lib/gcc/arm-none-linux-gnueabi/4.5.1/libgcc.a(_lshrdi3.o)
 .note.GNU-stack
                0x00000000        0x0 /opt/FriendlyARM/toolschain/4.5.1/lib/gcc/arm-none-linux-gnueabi/4.5.1/libgcc.a(_ashrdi3.o)
 .note.GNU-stack
                0x00000000        0x0 /opt/FriendlyARM/toolschain/4.5.1/lib/gcc/arm-none-linux-gnueabi/4.5.1/libgcc.a(_ashldi3.o)
 .note.GNU-stack
                0x00000000        0x0 /opt/FriendlyARM/toolschain/4.5.1/lib/gcc/arm-none-linux-gnueabi/4.5.1/libgcc.a(_dvmd_lnx.o)

.comment        0x00000000       0x1b
 .comment       0x00000000       0x1b arch/arm/cpu/armv7/libarmv7.o
                                 0x54 (size before relaxing)
 .comment       0x00000000       0x70 arch/arm/cpu/armv7/s5p-common/libs5p-common.o
 .comment       0x00000000       0x1c arch/arm/cpu/armv7/s5pc1xx/libs5pc1xx.o
 .comment       0x00000000       0xa8 arch/arm/lib/libarm.o
 .comment       0x00000000      0x444 common/libcommon.o
 .comment       0x00000000       0x38 disk/libdisk.o
 .comment       0x00000000       0x1c drivers/gpio/libgpio.o
 .comment       0x00000000       0x38 drivers/mmc/libmmc.o
 .comment       0x00000000       0x1c drivers/mtd/libmtd.o
 .comment       0x00000000       0xc4 drivers/mtd/nand/libnand.o
 .comment       0x00000000       0x1c drivers/net/libnet.o
 .comment       0x00000000       0x38 drivers/pcmcia/libpcmcia.o
 .comment       0x00000000       0x1c drivers/rtc/librtc.o
 .comment       0x00000000       0x1c drivers/serial/libserial.o
 .comment       0x00000000       0x38 fs/fat/libfat.o
 .comment       0x00000000      0x1dc lib/libgeneric.o
 .comment       0x00000000       0x1c lib/zlib/libz.o
 .comment       0x00000000       0x8c net/libnet.o
 .comment       0x00000000       0x1c board/samsung/tiny210/libtiny210.o(tiny210.o)
 .comment       0x00000000       0x1c /home/piaozhiye/tiny210/uboot/uboot_for_tiny210/arch/arm/lib/eabi_compat.o

.debug_line     0x00000000     0xfeec
 .debug_line    0x00000000       0xe8 arch/arm/cpu/armv7/start.o
 .debug_line    0x000000e8      0x299 arch/arm/cpu/armv7/libarmv7.o
 .debug_line    0x00000381      0x4a1 arch/arm/cpu/armv7/s5p-common/libs5p-common.o
 .debug_line    0x00000822      0x269 arch/arm/cpu/armv7/s5pc1xx/libs5pc1xx.o
 .debug_line    0x00000a8b      0x949 arch/arm/lib/libarm.o
 .debug_line    0x000013d4     0x6462 common/libcommon.o
 .debug_line    0x00007836      0x41e disk/libdisk.o
 .debug_line    0x00007c54      0x170 drivers/gpio/libgpio.o
 .debug_line    0x00007dc4      0x9d6 drivers/mmc/libmmc.o
 .debug_line    0x0000879a      0x235 drivers/mtd/libmtd.o
 .debug_line    0x000089cf     0x21d4 drivers/mtd/nand/libnand.o
 .debug_line    0x0000aba3      0x432 drivers/net/libnet.o
 .debug_line    0x0000afd5       0xce drivers/pcmcia/libpcmcia.o
 .debug_line    0x0000b0a3       0x67 drivers/rtc/librtc.o
 .debug_line    0x0000b10a      0x254 drivers/serial/libserial.o
 .debug_line    0x0000b35e      0x787 fs/fat/libfat.o
 .debug_line    0x0000bae5     0x1ce9 lib/libgeneric.o
 .debug_line    0x0000d7ce      0xab8 lib/zlib/libz.o
 .debug_line    0x0000e286     0x13e9 net/libnet.o
 .debug_line    0x0000f66f      0x210 board/samsung/tiny210/libtiny210.o(tiny210.o)
 .debug_line    0x0000f87f      0x12e board/samsung/tiny210/libtiny210.o(lowlevel_init.o)
 .debug_line    0x0000f9ad      0x15f board/samsung/tiny210/libtiny210.o(mem_setup.o)
 .debug_line    0x0000fb0c       0x94 /home/piaozhiye/tiny210/uboot/uboot_for_tiny210/arch/arm/lib/eabi_compat.o
 .debug_line    0x0000fba0       0x9e /opt/FriendlyARM/toolschain/4.5.1/lib/gcc/arm-none-linux-gnueabi/4.5.1/libgcc.a(_udivsi3.o)
 .debug_line    0x0000fc3e       0xaa /opt/FriendlyARM/toolschain/4.5.1/lib/gcc/arm-none-linux-gnueabi/4.5.1/libgcc.a(_divsi3.o)
 .debug_line    0x0000fce8       0x81 /opt/FriendlyARM/toolschain/4.5.1/lib/gcc/arm-none-linux-gnueabi/4.5.1/libgcc.a(_lshrdi3.o)
 .debug_line    0x0000fd69       0x81 /opt/FriendlyARM/toolschain/4.5.1/lib/gcc/arm-none-linux-gnueabi/4.5.1/libgcc.a(_ashrdi3.o)
 .debug_line    0x0000fdea       0x81 /opt/FriendlyARM/toolschain/4.5.1/lib/gcc/arm-none-linux-gnueabi/4.5.1/libgcc.a(_ashldi3.o)
 .debug_line    0x0000fe6b       0x81 /opt/FriendlyARM/toolschain/4.5.1/lib/gcc/arm-none-linux-gnueabi/4.5.1/libgcc.a(_dvmd_lnx.o)

.debug_info     0x00000000    0x37be2
 .debug_info    0x00000000       0x73 arch/arm/cpu/armv7/start.o
 .debug_info    0x00000073      0x533 arch/arm/cpu/armv7/libarmv7.o
 .debug_info    0x000005a6      0xf13 arch/arm/cpu/armv7/s5p-common/libs5p-common.o
 .debug_info    0x000014b9      0xe0f arch/arm/cpu/armv7/s5pc1xx/libs5pc1xx.o
 .debug_info    0x000022c8     0x203b arch/arm/lib/libarm.o
 .debug_info    0x00004303    0x154d8 common/libcommon.o
 .debug_info    0x000197db      0xef6 disk/libdisk.o
 .debug_info    0x0001a6d1      0x803 drivers/gpio/libgpio.o
 .debug_info    0x0001aed4     0x2ef9 drivers/mmc/libmmc.o
 .debug_info    0x0001ddcd      0x9c0 drivers/mtd/libmtd.o
 .debug_info    0x0001e78d     0xb4df drivers/mtd/nand/libnand.o
 .debug_info    0x00029c6c     0x1968 drivers/net/libnet.o
 .debug_info    0x0002b5d4      0x11a drivers/pcmcia/libpcmcia.o
 .debug_info    0x0002b6ee       0x8d drivers/rtc/librtc.o
 .debug_info    0x0002b77b      0xd45 drivers/serial/libserial.o
 .debug_info    0x0002c4c0     0x16f9 fs/fat/libfat.o
 .debug_info    0x0002dbb9     0x3a44 lib/libgeneric.o
 .debug_info    0x000315fd     0x103f lib/zlib/libz.o
 .debug_info    0x0003263c     0x432f net/libnet.o
 .debug_info    0x0003696b      0xbe3 board/samsung/tiny210/libtiny210.o(tiny210.o)
 .debug_info    0x0003754e       0x7e board/samsung/tiny210/libtiny210.o(lowlevel_init.o)
 .debug_info    0x000375cc       0x7a board/samsung/tiny210/libtiny210.o(mem_setup.o)
 .debug_info    0x00037646       0xce /home/piaozhiye/tiny210/uboot/uboot_for_tiny210/arch/arm/lib/eabi_compat.o
 .debug_info    0x00037714       0xcd /opt/FriendlyARM/toolschain/4.5.1/lib/gcc/arm-none-linux-gnueabi/4.5.1/libgcc.a(_udivsi3.o)
 .debug_info    0x000377e1       0xcd /opt/FriendlyARM/toolschain/4.5.1/lib/gcc/arm-none-linux-gnueabi/4.5.1/libgcc.a(_divsi3.o)
 .debug_info    0x000378ae       0xcd /opt/FriendlyARM/toolschain/4.5.1/lib/gcc/arm-none-linux-gnueabi/4.5.1/libgcc.a(_lshrdi3.o)
 .debug_info    0x0003797b       0xcd /opt/FriendlyARM/toolschain/4.5.1/lib/gcc/arm-none-linux-gnueabi/4.5.1/libgcc.a(_ashrdi3.o)
 .debug_info    0x00037a48       0xcd /opt/FriendlyARM/toolschain/4.5.1/lib/gcc/arm-none-linux-gnueabi/4.5.1/libgcc.a(_ashldi3.o)
 .debug_info    0x00037b15       0xcd /opt/FriendlyARM/toolschain/4.5.1/lib/gcc/arm-none-linux-gnueabi/4.5.1/libgcc.a(_dvmd_lnx.o)

.debug_abbrev   0x00000000     0xbf26
 .debug_abbrev  0x00000000       0x14 arch/arm/cpu/armv7/start.o
 .debug_abbrev  0x00000014      0x1fd arch/arm/cpu/armv7/libarmv7.o
 .debug_abbrev  0x00000211      0x5e9 arch/arm/cpu/armv7/s5p-common/libs5p-common.o
 .debug_abbrev  0x000007fa      0x2bb arch/arm/cpu/armv7/s5pc1xx/libs5pc1xx.o
 .debug_abbrev  0x00000ab5      0x9ed arch/arm/lib/libarm.o
 .debug_abbrev  0x000014a2     0x4d45 common/libcommon.o
 .debug_abbrev  0x000061e7      0x44d disk/libdisk.o
 .debug_abbrev  0x00006634      0x240 drivers/gpio/libgpio.o
 .debug_abbrev  0x00006874      0x906 drivers/mmc/libmmc.o
 .debug_abbrev  0x0000717a      0x1b7 drivers/mtd/libmtd.o
 .debug_abbrev  0x00007331     0x13f5 drivers/mtd/nand/libnand.o
 .debug_abbrev  0x00008726      0x347 drivers/net/libnet.o
 .debug_abbrev  0x00008a6d       0x76 drivers/pcmcia/libpcmcia.o
 .debug_abbrev  0x00008ae3       0x3b drivers/rtc/librtc.o
 .debug_abbrev  0x00008b1e      0x329 drivers/serial/libserial.o
 .debug_abbrev  0x00008e47      0x4f8 fs/fat/libfat.o
 .debug_abbrev  0x0000933f     0x1418 lib/libgeneric.o
 .debug_abbrev  0x0000a757      0x35c lib/zlib/libz.o
 .debug_abbrev  0x0000aab3     0x1078 net/libnet.o
 .debug_abbrev  0x0000bb2b      0x2e3 board/samsung/tiny210/libtiny210.o(tiny210.o)
 .debug_abbrev  0x0000be0e       0x14 board/samsung/tiny210/libtiny210.o(lowlevel_init.o)
 .debug_abbrev  0x0000be22       0x14 board/samsung/tiny210/libtiny210.o(mem_setup.o)
 .debug_abbrev  0x0000be36       0x78 /home/piaozhiye/tiny210/uboot/uboot_for_tiny210/arch/arm/lib/eabi_compat.o
 .debug_abbrev  0x0000beae       0x14 /opt/FriendlyARM/toolschain/4.5.1/lib/gcc/arm-none-linux-gnueabi/4.5.1/libgcc.a(_udivsi3.o)
 .debug_abbrev  0x0000bec2       0x14 /opt/FriendlyARM/toolschain/4.5.1/lib/gcc/arm-none-linux-gnueabi/4.5.1/libgcc.a(_divsi3.o)
 .debug_abbrev  0x0000bed6       0x14 /opt/FriendlyARM/toolschain/4.5.1/lib/gcc/arm-none-linux-gnueabi/4.5.1/libgcc.a(_lshrdi3.o)
 .debug_abbrev  0x0000beea       0x14 /opt/FriendlyARM/toolschain/4.5.1/lib/gcc/arm-none-linux-gnueabi/4.5.1/libgcc.a(_ashrdi3.o)
 .debug_abbrev  0x0000befe       0x14 /opt/FriendlyARM/toolschain/4.5.1/lib/gcc/arm-none-linux-gnueabi/4.5.1/libgcc.a(_ashldi3.o)
 .debug_abbrev  0x0000bf12       0x14 /opt/FriendlyARM/toolschain/4.5.1/lib/gcc/arm-none-linux-gnueabi/4.5.1/libgcc.a(_dvmd_lnx.o)

.debug_aranges  0x00000000      0xca0
 .debug_aranges
                0x00000000       0x20 arch/arm/cpu/armv7/start.o
 .debug_aranges
                0x00000020       0x60 arch/arm/cpu/armv7/libarmv7.o
 .debug_aranges
                0x00000080       0x80 arch/arm/cpu/armv7/s5p-common/libs5p-common.o
 .debug_aranges
                0x00000100       0x60 arch/arm/cpu/armv7/s5pc1xx/libs5pc1xx.o
 .debug_aranges
                0x00000160       0xc0 arch/arm/lib/libarm.o
 .debug_aranges
                0x00000220      0x4a0 common/libcommon.o
 .debug_aranges
                0x000006c0       0x40 disk/libdisk.o
 .debug_aranges
                0x00000700       0x20 drivers/gpio/libgpio.o
 .debug_aranges
                0x00000720       0x40 drivers/mmc/libmmc.o
 .debug_aranges
                0x00000760       0x20 drivers/mtd/libmtd.o
 .debug_aranges
                0x00000780       0xc0 drivers/mtd/nand/libnand.o
 .debug_aranges
                0x00000840       0x20 drivers/net/libnet.o
 .debug_aranges
                0x00000860       0x20 drivers/serial/libserial.o
 .debug_aranges
                0x00000880       0x40 fs/fat/libfat.o
 .debug_aranges
                0x000008c0      0x1e0 lib/libgeneric.o
 .debug_aranges
                0x00000aa0       0x20 lib/zlib/libz.o
 .debug_aranges
                0x00000ac0       0xa0 net/libnet.o
 .debug_aranges
                0x00000b60       0x20 board/samsung/tiny210/libtiny210.o(tiny210.o)
 .debug_aranges
                0x00000b80       0x20 board/samsung/tiny210/libtiny210.o(lowlevel_init.o)
 .debug_aranges
                0x00000ba0       0x20 board/samsung/tiny210/libtiny210.o(mem_setup.o)
 .debug_aranges
                0x00000bc0       0x20 /home/piaozhiye/tiny210/uboot/uboot_for_tiny210/arch/arm/lib/eabi_compat.o
 .debug_aranges
                0x00000be0       0x20 /opt/FriendlyARM/toolschain/4.5.1/lib/gcc/arm-none-linux-gnueabi/4.5.1/libgcc.a(_udivsi3.o)
 .debug_aranges
                0x00000c00       0x20 /opt/FriendlyARM/toolschain/4.5.1/lib/gcc/arm-none-linux-gnueabi/4.5.1/libgcc.a(_divsi3.o)
 .debug_aranges
                0x00000c20       0x20 /opt/FriendlyARM/toolschain/4.5.1/lib/gcc/arm-none-linux-gnueabi/4.5.1/libgcc.a(_lshrdi3.o)
 .debug_aranges
                0x00000c40       0x20 /opt/FriendlyARM/toolschain/4.5.1/lib/gcc/arm-none-linux-gnueabi/4.5.1/libgcc.a(_ashrdi3.o)
 .debug_aranges
                0x00000c60       0x20 /opt/FriendlyARM/toolschain/4.5.1/lib/gcc/arm-none-linux-gnueabi/4.5.1/libgcc.a(_ashldi3.o)
 .debug_aranges
                0x00000c80       0x20 /opt/FriendlyARM/toolschain/4.5.1/lib/gcc/arm-none-linux-gnueabi/4.5.1/libgcc.a(_dvmd_lnx.o)

.debug_pubnames
                0x00000000     0x385e
 .debug_pubnames
                0x00000000      0x1ef arch/arm/cpu/armv7/libarmv7.o
 .debug_pubnames
                0x000001ef      0x168 arch/arm/cpu/armv7/s5p-common/libs5p-common.o
 .debug_pubnames
                0x00000357       0x63 arch/arm/cpu/armv7/s5pc1xx/libs5pc1xx.o
 .debug_pubnames
                0x000003ba      0x394 arch/arm/lib/libarm.o
 .debug_pubnames
                0x0000074e     0x17c2 common/libcommon.o
 .debug_pubnames
                0x00001f10       0xb9 disk/libdisk.o
 .debug_pubnames
                0x00001fc9      0x166 drivers/gpio/libgpio.o
 .debug_pubnames
                0x0000212f      0x230 drivers/mmc/libmmc.o
 .debug_pubnames
                0x0000235f       0x82 drivers/mtd/libmtd.o
 .debug_pubnames
                0x000023e1      0x309 drivers/mtd/nand/libnand.o
 .debug_pubnames
                0x000026ea       0x28 drivers/net/libnet.o
 .debug_pubnames
                0x00002712      0x30a drivers/serial/libserial.o
 .debug_pubnames
                0x00002a1c      0x123 fs/fat/libfat.o
 .debug_pubnames
                0x00002b3f      0x547 lib/libgeneric.o
 .debug_pubnames
                0x00003086       0xb4 lib/zlib/libz.o
 .debug_pubnames
                0x0000313a      0x657 net/libnet.o
 .debug_pubnames
                0x00003791       0x96 board/samsung/tiny210/libtiny210.o(tiny210.o)
 .debug_pubnames
                0x00003827       0x37 /home/piaozhiye/tiny210/uboot/uboot_for_tiny210/arch/arm/lib/eabi_compat.o

.debug_frame    0x00000000     0x5500
 .debug_frame   0x00000000      0x168 arch/arm/cpu/armv7/libarmv7.o
 .debug_frame   0x00000168      0x1d4 arch/arm/cpu/armv7/s5p-common/libs5p-common.o
 .debug_frame   0x0000033c       0xb8 arch/arm/cpu/armv7/s5pc1xx/libs5pc1xx.o
 .debug_frame   0x000003f4      0x3b0 arch/arm/lib/libarm.o
 .debug_frame   0x000007a4     0x208c common/libcommon.o
 .debug_frame   0x00002830      0x174 disk/libdisk.o
 .debug_frame   0x000029a4      0x11c drivers/gpio/libgpio.o
 .debug_frame   0x00002ac0      0x408 drivers/mmc/libmmc.o
 .debug_frame   0x00002ec8       0x7c drivers/mtd/libmtd.o
 .debug_frame   0x00002f44      0xbc4 drivers/mtd/nand/libnand.o
 .debug_frame   0x00003b08      0x180 drivers/net/libnet.o
 .debug_frame   0x00003c88      0x254 drivers/serial/libserial.o
 .debug_frame   0x00003edc      0x258 fs/fat/libfat.o
 .debug_frame   0x00004134      0x904 lib/libgeneric.o
 .debug_frame   0x00004a38      0x11c lib/zlib/libz.o
 .debug_frame   0x00004b54      0x888 net/libnet.o
 .debug_frame   0x000053dc       0xac board/samsung/tiny210/libtiny210.o(tiny210.o)
 .debug_frame   0x00005488       0x38 /home/piaozhiye/tiny210/uboot/uboot_for_tiny210/arch/arm/lib/eabi_compat.o
 .debug_frame   0x000054c0       0x20 /opt/FriendlyARM/toolschain/4.5.1/lib/gcc/arm-none-linux-gnueabi/4.5.1/libgcc.a(_udivsi3.o)
 .debug_frame   0x000054e0       0x20 /opt/FriendlyARM/toolschain/4.5.1/lib/gcc/arm-none-linux-gnueabi/4.5.1/libgcc.a(_divsi3.o)

.debug_str      0x00000000     0x80e8
 .debug_str     0x00000000      0x24c arch/arm/cpu/armv7/libarmv7.o
                                0x492 (size before relaxing)
 .debug_str     0x0000024c      0x3bb arch/arm/cpu/armv7/s5p-common/libs5p-common.o
                                0x861 (size before relaxing)
 .debug_str     0x00000607      0x2d6 arch/arm/cpu/armv7/s5pc1xx/libs5pc1xx.o
                                0x3f6 (size before relaxing)
 .debug_str     0x000008dd      0x7dd arch/arm/lib/libarm.o
                               0x12b1 (size before relaxing)
 .debug_str     0x000010ba     0x32b4 common/libcommon.o
                               0x8b04 (size before relaxing)
 .debug_str     0x0000436e      0x264 disk/libdisk.o
                                0x6bf (size before relaxing)
 .debug_str     0x000045d2      0x144 drivers/gpio/libgpio.o
                                0x252 (size before relaxing)
 .debug_str     0x00004716      0x468 drivers/mmc/libmmc.o
                                0xba0 (size before relaxing)
 .debug_str     0x00004b7e       0xb1 drivers/mtd/libmtd.o
                                0x4d5 (size before relaxing)
 .debug_str     0x00004c2f      0xf6b drivers/mtd/nand/libnand.o
                               0x3eb9 (size before relaxing)
 .debug_str     0x00005b9a      0x2d3 drivers/net/libnet.o
                                0x442 (size before relaxing)
 .debug_str     0x00005e6d       0x5c drivers/pcmcia/libpcmcia.o
                                0x1db (size before relaxing)
 .debug_str     0x00005ec9       0x43 drivers/rtc/librtc.o
                                 0xe3 (size before relaxing)
 .debug_str     0x00005f0c      0x314 drivers/serial/libserial.o
                                0x5b9 (size before relaxing)
 .debug_str     0x00006220      0x553 fs/fat/libfat.o
                                0x899 (size before relaxing)
 .debug_str     0x00006773      0x67e lib/libgeneric.o
                               0x171d (size before relaxing)
 .debug_str     0x00006df1      0x2fb lib/zlib/libz.o
                                0x587 (size before relaxing)
 .debug_str     0x000070ec      0xe57 net/libnet.o
                               0x19f7 (size before relaxing)
 .debug_str     0x00007f43      0x173 board/samsung/tiny210/libtiny210.o(tiny210.o)
                                0x4a6 (size before relaxing)
 .debug_str     0x000080b6       0x32 /home/piaozhiye/tiny210/uboot/uboot_for_tiny210/arch/arm/lib/eabi_compat.o
                                0x10f (size before relaxing)

.debug_loc      0x00000000    0x28e18
 .debug_loc     0x00000000      0x15d arch/arm/cpu/armv7/libarmv7.o
 .debug_loc     0x0000015d      0x843 arch/arm/cpu/armv7/s5p-common/libs5p-common.o
 .debug_loc     0x000009a0      0x70a arch/arm/cpu/armv7/s5pc1xx/libs5pc1xx.o
 .debug_loc     0x000010aa      0x744 arch/arm/lib/libarm.o
 .debug_loc     0x000017ee     0xffd0 common/libcommon.o
 .debug_loc     0x000117be      0x8f7 disk/libdisk.o
 .debug_loc     0x000120b5      0x55a drivers/gpio/libgpio.o
 .debug_loc     0x0001260f     0x2143 drivers/mmc/libmmc.o
 .debug_loc     0x00014752      0x252 drivers/mtd/libmtd.o
 .debug_loc     0x000149a4     0x88be drivers/mtd/nand/libnand.o
 .debug_loc     0x0001d262      0x981 drivers/net/libnet.o
 .debug_loc     0x0001dbe3      0x3d6 drivers/serial/libserial.o
 .debug_loc     0x0001dfb9     0x18a7 fs/fat/libfat.o
 .debug_loc     0x0001f860     0x426c lib/libgeneric.o
 .debug_loc     0x00023acc     0x2625 lib/zlib/libz.o
 .debug_loc     0x000260f1     0x2aac net/libnet.o
 .debug_loc     0x00028b9d      0x23d board/samsung/tiny210/libtiny210.o(tiny210.o)
 .debug_loc     0x00028dda       0x3e /home/piaozhiye/tiny210/uboot/uboot_for_tiny210/arch/arm/lib/eabi_compat.o

.debug_pubtypes
                0x00000000     0x3a32
 .debug_pubtypes
                0x00000000       0x4e arch/arm/cpu/armv7/libarmv7.o
 .debug_pubtypes
                0x0000004e       0xda arch/arm/cpu/armv7/s5p-common/libs5p-common.o
 .debug_pubtypes
                0x00000128       0x47 arch/arm/cpu/armv7/s5pc1xx/libs5pc1xx.o
 .debug_pubtypes
                0x0000016f      0x3a0 arch/arm/lib/libarm.o
 .debug_pubtypes
                0x0000050f     0x17c3 common/libcommon.o
 .debug_pubtypes
                0x00001cd2      0x186 disk/libdisk.o
 .debug_pubtypes
                0x00001e58       0x2c drivers/gpio/libgpio.o
 .debug_pubtypes
                0x00001e84      0x1b2 drivers/mmc/libmmc.o
 .debug_pubtypes
                0x00002036      0x16d drivers/mtd/libmtd.o
 .debug_pubtypes
                0x000021a3      0xc62 drivers/mtd/nand/libnand.o
 .debug_pubtypes
                0x00002e05       0x8b drivers/net/libnet.o
 .debug_pubtypes
                0x00002e90       0x24 drivers/pcmcia/libpcmcia.o
 .debug_pubtypes
                0x00002eb4       0x12 drivers/rtc/librtc.o
 .debug_pubtypes
                0x00002ec6       0x9c drivers/serial/libserial.o
 .debug_pubtypes
                0x00002f62      0x17d fs/fat/libfat.o
 .debug_pubtypes
                0x000030df      0x4ac lib/libgeneric.o
 .debug_pubtypes
                0x0000358b      0x11e lib/zlib/libz.o
 .debug_pubtypes
                0x000036a9      0x2d4 net/libnet.o
 .debug_pubtypes
                0x0000397d       0xa3 board/samsung/tiny210/libtiny210.o(tiny210.o)
 .debug_pubtypes
                0x00003a20       0x12 /home/piaozhiye/tiny210/uboot/uboot_for_tiny210/arch/arm/lib/eabi_compat.o

.debug_ranges   0x00000000     0x24b8
 .debug_ranges  0x00000000       0xa8 arch/arm/cpu/armv7/s5p-common/libs5p-common.o
 .debug_ranges  0x000000a8       0xb8 arch/arm/cpu/armv7/s5pc1xx/libs5pc1xx.o
 .debug_ranges  0x00000160       0xd8 arch/arm/lib/libarm.o
 .debug_ranges  0x00000238      0xcc8 common/libcommon.o
 .debug_ranges  0x00000f00      0x198 drivers/gpio/libgpio.o
 .debug_ranges  0x00001098      0x3a8 drivers/mmc/libmmc.o
 .debug_ranges  0x00001440      0x5a8 drivers/mtd/nand/libnand.o
 .debug_ranges  0x000019e8      0x288 drivers/net/libnet.o
 .debug_ranges  0x00001c70       0x60 drivers/serial/libserial.o
 .debug_ranges  0x00001cd0      0x1a0 fs/fat/libfat.o
 .debug_ranges  0x00001e70      0x2c0 lib/libgeneric.o
 .debug_ranges  0x00002130       0x60 lib/zlib/libz.o
 .debug_ranges  0x00002190      0x288 net/libnet.o
 .debug_ranges  0x00002418       0xa0 board/samsung/tiny210/libtiny210.o(tiny210.o)
